Jan  3 22:34:28 adam-VirtualBox rsyslogd: [origin software="rsyslogd" swVersion="7.4.4" x-pid="395" x-info="http://www.rsyslog.com"] start
Jan  3 22:34:28 adam-VirtualBox rsyslogd: rsyslogd's groupid changed to 104
Jan  3 22:34:28 adam-VirtualBox rsyslogd: rsyslogd's userid changed to 101
Jan  3 22:34:28 adam-VirtualBox rsyslogd-2039: Could no open output pipe '/dev/xconsole': No such file or directory [try http://www.rsyslog.com/e/2039 ]
Jan  3 22:34:28 adam-VirtualBox kernel: [    0.000000] Initializing cgroup subsys cpuset
Jan  3 22:34:28 adam-VirtualBox kernel: [    0.000000] Initializing cgroup subsys cpu
Jan  3 22:34:28 adam-VirtualBox kernel: [    0.000000] Initializing cgroup subsys cpuacct
Jan  3 22:34:28 adam-VirtualBox kernel: [    0.000000] Linux version 3.13.0-32-generic (buildd@kissel) (gcc version 4.8.2 (Ubuntu 4.8.2-19ubuntu1) ) #57-Ubuntu SMP Tue Jul 15 03:51:08 UTC 2014 (Ubuntu 3.13.0-32.57-generic 3.13.11.4)
Jan  3 22:34:28 adam-VirtualBox kernel: [    0.000000] Command line: BOOT_IMAGE=/boot/vmlinuz-3.13.0-32-generic root=UUID=103a1615-3bbe-46ff-b0d8-d954fd0f9663 ro quiet splash vt.handoff=7
Jan  3 22:34:28 adam-VirtualBox kernel: [    0.000000] KERNEL supported cpus:
Jan  3 22:34:28 adam-VirtualBox kernel: [    0.000000]   Intel GenuineIntel
Jan  3 22:34:28 adam-VirtualBox kernel: [    0.000000]   AMD AuthenticAMD
Jan  3 22:34:28 adam-VirtualBox kernel: [    0.000000]   Centaur CentaurHauls
Jan  3 22:34:28 adam-VirtualBox kernel: [    0.000000] e820: BIOS-provided physical RAM map:
Jan  3 22:34:28 adam-VirtualBox kernel: [    0.000000] BIOS-e820: [mem 0x0000000000000000-0x000000000009fbff] usable
Jan  3 22:34:28 adam-VirtualBox kernel: [    0.000000] BIOS-e820: [mem 0x000000000009fc00-0x000000000009ffff] reserved
Jan  3 22:34:28 adam-VirtualBox kernel: [    0.000000] BIOS-e820: [mem 0x00000000000f0000-0x00000000000fffff] reserved
Jan  3 22:34:28 adam-VirtualBox kernel: [    0.000000] BIOS-e820: [mem 0x0000000000100000-0x000000007ffeffff] usable
Jan  3 22:34:28 adam-VirtualBox kernel: [    0.000000] BIOS-e820: [mem 0x000000007fff0000-0x000000007fffffff] ACPI data
Jan  3 22:34:28 adam-VirtualBox kernel: [    0.000000] BIOS-e820: [mem 0x00000000fffc0000-0x00000000ffffffff] reserved
Jan  3 22:34:28 adam-VirtualBox kernel: [    0.000000] NX (Execute Disable) protection: active
Jan  3 22:34:28 adam-VirtualBox kernel: [    0.000000] SMBIOS 2.5 present.
Jan  3 22:34:28 adam-VirtualBox kernel: [    0.000000] DMI: innotek GmbH VirtualBox/VirtualBox, BIOS VirtualBox 12/01/2006
Jan  3 22:34:28 adam-VirtualBox kernel: [    0.000000] e820: update [mem 0x00000000-0x00000fff] usable ==> reserved
Jan  3 22:34:28 adam-VirtualBox kernel: [    0.000000] e820: remove [mem 0x000a0000-0x000fffff] usable
Jan  3 22:34:28 adam-VirtualBox kernel: [    0.000000] No AGP bridge found
Jan  3 22:34:28 adam-VirtualBox kernel: [    0.000000] e820: last_pfn = 0x7fff0 max_arch_pfn = 0x400000000
Jan  3 22:34:28 adam-VirtualBox kernel: [    0.000000] MTRR default type: uncachable
Jan  3 22:34:28 adam-VirtualBox kernel: [    0.000000] MTRR variable ranges disabled:
Jan  3 22:34:28 adam-VirtualBox kernel: [    0.000000] x86 PAT enabled: cpu 0, old 0x7040600070406, new 0x7010600070106
Jan  3 22:34:28 adam-VirtualBox kernel: [    0.000000] CPU MTRRs all blank - virtualized system.
Jan  3 22:34:28 adam-VirtualBox kernel: [    0.000000] found SMP MP-table at [mem 0x0009fff0-0x0009ffff] mapped at [ffff88000009fff0]
Jan  3 22:34:28 adam-VirtualBox kernel: [    0.000000] Scanning 1 areas for low memory corruption
Jan  3 22:34:28 adam-VirtualBox kernel: [    0.000000] Base memory trampoline at [ffff880000099000] 99000 size 24576
Jan  3 22:34:28 adam-VirtualBox kernel: [    0.000000] init_memory_mapping: [mem 0x00000000-0x000fffff]
Jan  3 22:34:28 adam-VirtualBox kernel: [    0.000000]  [mem 0x00000000-0x000fffff] page 4k
Jan  3 22:34:28 adam-VirtualBox kernel: [    0.000000] BRK [0x01fdf000, 0x01fdffff] PGTABLE
Jan  3 22:34:28 adam-VirtualBox kernel: [    0.000000] BRK [0x01fe0000, 0x01fe0fff] PGTABLE
Jan  3 22:34:28 adam-VirtualBox kernel: [    0.000000] BRK [0x01fe1000, 0x01fe1fff] PGTABLE
Jan  3 22:34:28 adam-VirtualBox kernel: [    0.000000] init_memory_mapping: [mem 0x7fc00000-0x7fdfffff]
Jan  3 22:34:28 adam-VirtualBox kernel: [    0.000000]  [mem 0x7fc00000-0x7fdfffff] page 2M
Jan  3 22:34:28 adam-VirtualBox kernel: [    0.000000] BRK [0x01fe2000, 0x01fe2fff] PGTABLE
Jan  3 22:34:28 adam-VirtualBox kernel: [    0.000000] init_memory_mapping: [mem 0x7c000000-0x7fbfffff]
Jan  3 22:34:28 adam-VirtualBox kernel: [    0.000000]  [mem 0x7c000000-0x7fbfffff] page 2M
Jan  3 22:34:28 adam-VirtualBox kernel: [    0.000000] init_memory_mapping: [mem 0x00100000-0x7bffffff]
Jan  3 22:34:28 adam-VirtualBox kernel: [    0.000000]  [mem 0x00100000-0x001fffff] page 4k
Jan  3 22:34:28 adam-VirtualBox kernel: [    0.000000]  [mem 0x00200000-0x7bffffff] page 2M
Jan  3 22:34:28 adam-VirtualBox kernel: [    0.000000] init_memory_mapping: [mem 0x7fe00000-0x7ffeffff]
Jan  3 22:34:28 adam-VirtualBox kernel: [    0.000000]  [mem 0x7fe00000-0x7ffeffff] page 4k
Jan  3 22:34:28 adam-VirtualBox kernel: [    0.000000] BRK [0x01fe3000, 0x01fe3fff] PGTABLE
Jan  3 22:34:28 adam-VirtualBox kernel: [    0.000000] RAMDISK: [mem 0x35b66000-0x36daafff]
Jan  3 22:34:28 adam-VirtualBox kernel: [    0.000000] ACPI: RSDP 00000000000e0000 000024 (v02 VBOX  )
Jan  3 22:34:28 adam-VirtualBox kernel: [    0.000000] ACPI: XSDT 000000007fff0030 00003C (v01 VBOX   VBOXXSDT 00000001 ASL  00000061)
Jan  3 22:34:28 adam-VirtualBox kernel: [    0.000000] ACPI: FACP 000000007fff00f0 0000F4 (v04 VBOX   VBOXFACP 00000001 ASL  00000061)
Jan  3 22:34:28 adam-VirtualBox kernel: [    0.000000] ACPI: DSDT 000000007fff0470 001B96 (v01 VBOX   VBOXBIOS 00000002 INTL 20100528)
Jan  3 22:34:28 adam-VirtualBox kernel: [    0.000000] ACPI: FACS 000000007fff0200 000040
Jan  3 22:34:28 adam-VirtualBox kernel: [    0.000000] ACPI: APIC 000000007fff0240 000054 (v02 VBOX   VBOXAPIC 00000001 ASL  00000061)
Jan  3 22:34:28 adam-VirtualBox kernel: [    0.000000] ACPI: SSDT 000000007fff02a0 0001CC (v01 VBOX   VBOXCPUT 00000002 INTL 20100528)
Jan  3 22:34:28 adam-VirtualBox kernel: [    0.000000] ACPI: Local APIC address 0xfee00000
Jan  3 22:34:28 adam-VirtualBox kernel: [    0.000000] No NUMA configuration found
Jan  3 22:34:28 adam-VirtualBox kernel: [    0.000000] Faking a node at [mem 0x0000000000000000-0x000000007ffeffff]
Jan  3 22:34:28 adam-VirtualBox kernel: [    0.000000] Initmem setup node 0 [mem 0x00000000-0x7ffeffff]
Jan  3 22:34:28 adam-VirtualBox kernel: [    0.000000]   NODE_DATA [mem 0x7ffeb000-0x7ffeffff]
Jan  3 22:34:28 adam-VirtualBox kernel: [    0.000000]  [ffffea0000000000-ffffea0001ffffff] PMD -> [ffff88007d600000-ffff88007f5fffff] on node 0
Jan  3 22:34:28 adam-VirtualBox kernel: [    0.000000] Zone ranges:
Jan  3 22:34:28 adam-VirtualBox kernel: [    0.000000]   DMA      [mem 0x00001000-0x00ffffff]
Jan  3 22:34:28 adam-VirtualBox kernel: [    0.000000]   DMA32    [mem 0x01000000-0xffffffff]
Jan  3 22:34:28 adam-VirtualBox kernel: [    0.000000]   Normal   empty
Jan  3 22:34:28 adam-VirtualBox kernel: [    0.000000] Movable zone start for each node
Jan  3 22:34:28 adam-VirtualBox kernel: [    0.000000] Early memory node ranges
Jan  3 22:34:28 adam-VirtualBox kernel: [    0.000000]   node   0: [mem 0x00001000-0x0009efff]
Jan  3 22:34:28 adam-VirtualBox kernel: [    0.000000]   node   0: [mem 0x00100000-0x7ffeffff]
Jan  3 22:34:28 adam-VirtualBox kernel: [    0.000000] On node 0 totalpages: 524174
Jan  3 22:34:28 adam-VirtualBox kernel: [    0.000000]   DMA zone: 64 pages used for memmap
Jan  3 22:34:28 adam-VirtualBox kernel: [    0.000000]   DMA zone: 21 pages reserved
Jan  3 22:34:28 adam-VirtualBox kernel: [    0.000000]   DMA zone: 3998 pages, LIFO batch:0
Jan  3 22:34:28 adam-VirtualBox kernel: [    0.000000]   DMA32 zone: 8128 pages used for memmap
Jan  3 22:34:28 adam-VirtualBox kernel: [    0.000000]   DMA32 zone: 520176 pages, LIFO batch:31
Jan  3 22:34:28 adam-VirtualBox kernel: [    0.000000] ACPI: PM-Timer IO Port: 0x4008
Jan  3 22:34:28 adam-VirtualBox kernel: [    0.000000] ACPI: Local APIC address 0xfee00000
Jan  3 22:34:28 adam-VirtualBox kernel: [    0.000000] ACPI: LAPIC (acpi_id[0x00] lapic_id[0x00] enabled)
Jan  3 22:34:28 adam-VirtualBox kernel: [    0.000000] ACPI: IOAPIC (id[0x01] address[0xfec00000] gsi_base[0])
Jan  3 22:34:28 adam-VirtualBox kernel: [    0.000000] IOAPIC[0]: apic_id 1, version 17, address 0xfec00000, GSI 0-23
Jan  3 22:34:28 adam-VirtualBox kernel: [    0.000000] ACPI: INT_SRC_OVR (bus 0 bus_irq 0 global_irq 2 dfl dfl)
Jan  3 22:34:28 adam-VirtualBox kernel: [    0.000000] ACPI: INT_SRC_OVR (bus 0 bus_irq 9 global_irq 9 high level)
Jan  3 22:34:28 adam-VirtualBox kernel: [    0.000000] ACPI: IRQ0 used by override.
Jan  3 22:34:28 adam-VirtualBox kernel: [    0.000000] ACPI: IRQ2 used by override.
Jan  3 22:34:28 adam-VirtualBox kernel: [    0.000000] ACPI: IRQ9 used by override.
Jan  3 22:34:28 adam-VirtualBox kernel: [    0.000000] Using ACPI (MADT) for SMP configuration information
Jan  3 22:34:28 adam-VirtualBox kernel: [    0.000000] smpboot: Allowing 1 CPUs, 0 hotplug CPUs
Jan  3 22:34:28 adam-VirtualBox kernel: [    0.000000] nr_irqs_gsi: 40
Jan  3 22:34:28 adam-VirtualBox kernel: [    0.000000] PM: Registered nosave memory: [mem 0x0009f000-0x0009ffff]
Jan  3 22:34:28 adam-VirtualBox kernel: [    0.000000] PM: Registered nosave memory: [mem 0x000a0000-0x000effff]
Jan  3 22:34:28 adam-VirtualBox kernel: [    0.000000] PM: Registered nosave memory: [mem 0x000f0000-0x000fffff]
Jan  3 22:34:28 adam-VirtualBox kernel: [    0.000000] e820: [mem 0x80000000-0xfffbffff] available for PCI devices
Jan  3 22:34:28 adam-VirtualBox kernel: [    0.000000] Booting paravirtualized kernel on bare hardware
Jan  3 22:34:28 adam-VirtualBox kernel: [    0.000000] setup_percpu: NR_CPUS:256 nr_cpumask_bits:256 nr_cpu_ids:1 nr_node_ids:1
Jan  3 22:34:28 adam-VirtualBox kernel: [    0.000000] PERCPU: Embedded 29 pages/cpu @ffff88007fc00000 s86336 r8192 d24256 u2097152
Jan  3 22:34:28 adam-VirtualBox kernel: [    0.000000] pcpu-alloc: s86336 r8192 d24256 u2097152 alloc=1*2097152
Jan  3 22:34:28 adam-VirtualBox kernel: [    0.000000] pcpu-alloc: [0] 0 
Jan  3 22:34:28 adam-VirtualBox kernel: [    0.000000] Built 1 zonelists in Node order, mobility grouping on.  Total pages: 515961
Jan  3 22:34:28 adam-VirtualBox kernel: [    0.000000] Policy zone: DMA32
Jan  3 22:34:28 adam-VirtualBox kernel: [    0.000000] Kernel command line: BOOT_IMAGE=/boot/vmlinuz-3.13.0-32-generic root=UUID=103a1615-3bbe-46ff-b0d8-d954fd0f9663 ro quiet splash vt.handoff=7
Jan  3 22:34:28 adam-VirtualBox kernel: [    0.000000] PID hash table entries: 4096 (order: 3, 32768 bytes)
Jan  3 22:34:28 adam-VirtualBox kernel: [    0.000000] Checking aperture...
Jan  3 22:34:28 adam-VirtualBox kernel: [    0.000000] No AGP bridge found
Jan  3 22:34:28 adam-VirtualBox kernel: [    0.000000] Calgary: detecting Calgary via BIOS EBDA area
Jan  3 22:34:28 adam-VirtualBox kernel: [    0.000000] Calgary: Unable to locate Rio Grande table in EBDA - bailing!
Jan  3 22:34:28 adam-VirtualBox kernel: [    0.000000] Memory: 2028472K/2096696K available (7363K kernel code, 1142K rwdata, 3400K rodata, 1336K init, 1440K bss, 68224K reserved)
Jan  3 22:34:28 adam-VirtualBox kernel: [    0.000000] SLUB: HWalign=64, Order=0-3, MinObjects=0, CPUs=1, Nodes=1
Jan  3 22:34:28 adam-VirtualBox kernel: [    0.000000] Hierarchical RCU implementation.
Jan  3 22:34:28 adam-VirtualBox kernel: [    0.000000] 	RCU dyntick-idle grace-period acceleration is enabled.
Jan  3 22:34:28 adam-VirtualBox kernel: [    0.000000] 	RCU restricting CPUs from NR_CPUS=256 to nr_cpu_ids=1.
Jan  3 22:34:28 adam-VirtualBox kernel: [    0.000000] 	Offload RCU callbacks from all CPUs
Jan  3 22:34:28 adam-VirtualBox kernel: [    0.000000] 	Offload RCU callbacks from CPUs: 0.
Jan  3 22:34:28 adam-VirtualBox kernel: [    0.000000] NR_IRQS:16640 nr_irqs:256 16
Jan  3 22:34:28 adam-VirtualBox kernel: [    0.000000] Console: colour dummy device 80x25
Jan  3 22:34:28 adam-VirtualBox kernel: [    0.000000] console [tty0] enabled
Jan  3 22:34:28 adam-VirtualBox kernel: [    0.000000] allocated 8388608 bytes of page_cgroup
Jan  3 22:34:28 adam-VirtualBox kernel: [    0.000000] please try 'cgroup_disable=memory' option if you don't want memory cgroups
Jan  3 22:34:28 adam-VirtualBox kernel: [    0.000000] tsc: Fast TSC calibration failed
Jan  3 22:34:28 adam-VirtualBox kernel: [    0.000000] tsc: PIT calibration matches PMTIMER. 2 loops
Jan  3 22:34:28 adam-VirtualBox kernel: [    0.000000] tsc: Detected 2322.593 MHz processor
Jan  3 22:34:28 adam-VirtualBox kernel: [    0.012001] Calibrating delay loop (skipped), value calculated using timer frequency.. 4645.18 BogoMIPS (lpj=9290372)
Jan  3 22:34:28 adam-VirtualBox kernel: [    0.012003] pid_max: default: 32768 minimum: 301
Jan  3 22:34:28 adam-VirtualBox kernel: [    0.012021] Security Framework initialized
Jan  3 22:34:28 adam-VirtualBox kernel: [    0.012032] AppArmor: AppArmor initialized
Jan  3 22:34:28 adam-VirtualBox kernel: [    0.012033] Yama: becoming mindful.
Jan  3 22:34:28 adam-VirtualBox kernel: [    0.012170] Dentry cache hash table entries: 262144 (order: 9, 2097152 bytes)
Jan  3 22:34:28 adam-VirtualBox kernel: [    0.012567] Inode-cache hash table entries: 131072 (order: 8, 1048576 bytes)
Jan  3 22:34:28 adam-VirtualBox kernel: [    0.012744] Mount-cache hash table entries: 4096 (order: 3, 32768 bytes)
Jan  3 22:34:28 adam-VirtualBox kernel: [    0.012746] Mountpoint-cache hash table entries: 4096 (order: 3, 32768 bytes)
Jan  3 22:34:28 adam-VirtualBox kernel: [    0.012869] Initializing cgroup subsys memory
Jan  3 22:34:28 adam-VirtualBox kernel: [    0.012873] Initializing cgroup subsys devices
Jan  3 22:34:28 adam-VirtualBox kernel: [    0.012874] Initializing cgroup subsys freezer
Jan  3 22:34:28 adam-VirtualBox kernel: [    0.012875] Initializing cgroup subsys blkio
Jan  3 22:34:28 adam-VirtualBox kernel: [    0.012876] Initializing cgroup subsys perf_event
Jan  3 22:34:28 adam-VirtualBox kernel: [    0.012878] Initializing cgroup subsys hugetlb
Jan  3 22:34:28 adam-VirtualBox kernel: [    0.012996] mce: CPU supports 0 MCE banks
Jan  3 22:34:28 adam-VirtualBox kernel: [    0.013028] Last level iTLB entries: 4KB 512, 2MB 0, 4MB 0
Jan  3 22:34:28 adam-VirtualBox kernel: [    0.013028] Last level dTLB entries: 4KB 512, 2MB 32, 4MB 32
Jan  3 22:34:28 adam-VirtualBox kernel: [    0.013028] tlb_flushall_shift: 2
Jan  3 22:34:28 adam-VirtualBox kernel: [    0.037861] Freeing SMP alternatives memory: 32K (ffffffff81e6d000 - ffffffff81e75000)
Jan  3 22:34:28 adam-VirtualBox kernel: [    0.046860] ACPI: Core revision 20131115
Jan  3 22:34:28 adam-VirtualBox kernel: [    0.047484] ACPI: All ACPI Tables successfully acquired
Jan  3 22:34:28 adam-VirtualBox kernel: [    0.047507] ftrace: allocating 28495 entries in 112 pages
Jan  3 22:34:28 adam-VirtualBox kernel: [    0.060395] ..TIMER: vector=0x30 apic1=0 pin1=2 apic2=-1 pin2=-1
Jan  3 22:34:28 adam-VirtualBox kernel: [    0.101964] smpboot: CPU0: Intel(R) Core(TM) i7-3630QM CPU @ 2.40GHz (fam: 06, model: 3a, stepping: 09)
Jan  3 22:34:28 adam-VirtualBox kernel: [    0.104000] Performance Events: unsupported p6 CPU model 58 no PMU driver, software events only.
Jan  3 22:34:28 adam-VirtualBox kernel: [    0.104000] x86: Booted up 1 node, 1 CPUs
Jan  3 22:34:28 adam-VirtualBox kernel: [    0.104000] smpboot: Total of 1 processors activated (4645.18 BogoMIPS)
Jan  3 22:34:28 adam-VirtualBox kernel: [    0.104000] NMI watchdog: disabled (cpu0): hardware events not enabled
Jan  3 22:34:28 adam-VirtualBox kernel: [    0.104000] devtmpfs: initialized
Jan  3 22:34:28 adam-VirtualBox kernel: [    0.104000] EVM: security.selinux
Jan  3 22:34:28 adam-VirtualBox kernel: [    0.104000] EVM: security.SMACK64
Jan  3 22:34:28 adam-VirtualBox kernel: [    0.104000] EVM: security.ima
Jan  3 22:34:28 adam-VirtualBox kernel: [    0.104000] EVM: security.capability
Jan  3 22:34:28 adam-VirtualBox kernel: [    0.104000] pinctrl core: initialized pinctrl subsystem
Jan  3 22:34:28 adam-VirtualBox kernel: [    0.104000] regulator-dummy: no parameters
Jan  3 22:34:28 adam-VirtualBox kernel: [    0.104000] RTC time: 21:34:19, date: 01/03/15
Jan  3 22:34:28 adam-VirtualBox kernel: [    0.104000] NET: Registered protocol family 16
Jan  3 22:34:28 adam-VirtualBox kernel: [    0.104000] cpuidle: using governor ladder
Jan  3 22:34:28 adam-VirtualBox kernel: [    0.104000] cpuidle: using governor menu
Jan  3 22:34:28 adam-VirtualBox kernel: [    0.104000] ACPI: bus type PCI registered
Jan  3 22:34:28 adam-VirtualBox kernel: [    0.104000] acpiphp: ACPI Hot Plug PCI Controller Driver version: 0.5
Jan  3 22:34:28 adam-VirtualBox kernel: [    0.104046] PCI: Using configuration type 1 for base access
Jan  3 22:34:28 adam-VirtualBox kernel: [    0.104663] bio: create slab <bio-0> at 0
Jan  3 22:34:28 adam-VirtualBox kernel: [    0.104734] ACPI: Added _OSI(Module Device)
Jan  3 22:34:28 adam-VirtualBox kernel: [    0.104735] ACPI: Added _OSI(Processor Device)
Jan  3 22:34:28 adam-VirtualBox kernel: [    0.104736] ACPI: Added _OSI(3.0 _SCP Extensions)
Jan  3 22:34:28 adam-VirtualBox kernel: [    0.104737] ACPI: Added _OSI(Processor Aggregator Device)
Jan  3 22:34:28 adam-VirtualBox kernel: [    0.105153] ACPI: Executed 1 blocks of module-level executable AML code
Jan  3 22:34:28 adam-VirtualBox kernel: [    0.106742] ACPI: Interpreter enabled
Jan  3 22:34:28 adam-VirtualBox kernel: [    0.106746] ACPI Exception: AE_NOT_FOUND, While evaluating Sleep State [\_S1_] (20131115/hwxface-580)
Jan  3 22:34:28 adam-VirtualBox kernel: [    0.106749] ACPI Exception: AE_NOT_FOUND, While evaluating Sleep State [\_S2_] (20131115/hwxface-580)
Jan  3 22:34:28 adam-VirtualBox kernel: [    0.106751] ACPI Exception: AE_NOT_FOUND, While evaluating Sleep State [\_S3_] (20131115/hwxface-580)
Jan  3 22:34:28 adam-VirtualBox kernel: [    0.106753] ACPI Exception: AE_NOT_FOUND, While evaluating Sleep State [\_S4_] (20131115/hwxface-580)
Jan  3 22:34:28 adam-VirtualBox kernel: [    0.106757] ACPI: (supports S0 S5)
Jan  3 22:34:28 adam-VirtualBox kernel: [    0.106758] ACPI: Using IOAPIC for interrupt routing
Jan  3 22:34:28 adam-VirtualBox kernel: [    0.106881] PCI: Ignoring host bridge windows from ACPI; if necessary, use "pci=use_crs" and report a bug
Jan  3 22:34:28 adam-VirtualBox kernel: [    0.106911] ACPI: No dock devices found.
Jan  3 22:34:28 adam-VirtualBox kernel: [    0.108731] ACPI: PCI Root Bridge [PCI0] (domain 0000 [bus 00-ff])
Jan  3 22:34:28 adam-VirtualBox kernel: [    0.108735] acpi PNP0A03:00: _OSC: OS supports [ASPM ClockPM Segments MSI]
Jan  3 22:34:28 adam-VirtualBox kernel: [    0.108738] acpi PNP0A03:00: _OSC failed (AE_NOT_FOUND); disabling ASPM
Jan  3 22:34:28 adam-VirtualBox kernel: [    0.108799] acpi PNP0A03:00: host bridge window [io  0x0000-0x0cf7] (ignored)
Jan  3 22:34:28 adam-VirtualBox kernel: [    0.108800] acpi PNP0A03:00: host bridge window [io  0x0d00-0xffff] (ignored)
Jan  3 22:34:28 adam-VirtualBox kernel: [    0.108802] acpi PNP0A03:00: host bridge window [mem 0x000a0000-0x000bffff] (ignored)
Jan  3 22:34:28 adam-VirtualBox kernel: [    0.108803] acpi PNP0A03:00: host bridge window [mem 0x80000000-0xffdfffff] (ignored)
Jan  3 22:34:28 adam-VirtualBox kernel: [    0.108804] PCI: root bus 00: using default resources
Jan  3 22:34:28 adam-VirtualBox kernel: [    0.108806] acpi PNP0A03:00: fail to add MMCONFIG information, can't access extended PCI configuration space under this bridge.
Jan  3 22:34:28 adam-VirtualBox kernel: [    0.108966] PCI host bridge to bus 0000:00
Jan  3 22:34:28 adam-VirtualBox kernel: [    0.108968] pci_bus 0000:00: root bus resource [bus 00-ff]
Jan  3 22:34:28 adam-VirtualBox kernel: [    0.108970] pci_bus 0000:00: root bus resource [io  0x0000-0xffff]
Jan  3 22:34:28 adam-VirtualBox kernel: [    0.108971] pci_bus 0000:00: root bus resource [mem 0x00000000-0xfffffffff]
Jan  3 22:34:28 adam-VirtualBox kernel: [    0.109007] pci 0000:00:00.0: [8086:1237] type 00 class 0x060000
Jan  3 22:34:28 adam-VirtualBox kernel: [    0.109484] pci 0000:00:01.0: [8086:7000] type 00 class 0x060100
Jan  3 22:34:28 adam-VirtualBox kernel: [    0.110083] pci 0000:00:01.1: [8086:7111] type 00 class 0x01018a
Jan  3 22:34:28 adam-VirtualBox kernel: [    0.110483] pci 0000:00:01.1: reg 0x20: [io  0xd000-0xd00f]
Jan  3 22:34:28 adam-VirtualBox kernel: [    0.110877] pci 0000:00:02.0: [80ee:beef] type 00 class 0x030000
Jan  3 22:34:28 adam-VirtualBox kernel: [    0.112014] pci 0000:00:02.0: reg 0x10: [mem 0xe0000000-0xe0ffffff pref]
Jan  3 22:34:28 adam-VirtualBox kernel: [    0.120206] pci 0000:00:03.0: [8086:100e] type 00 class 0x020000
Jan  3 22:34:28 adam-VirtualBox kernel: [    0.121380] pci 0000:00:03.0: reg 0x10: [mem 0xf0000000-0xf001ffff]
Jan  3 22:34:28 adam-VirtualBox kernel: [    0.123160] pci 0000:00:03.0: reg 0x18: [io  0xd010-0xd017]
Jan  3 22:34:28 adam-VirtualBox kernel: [    0.126097] pci 0000:00:04.0: [80ee:cafe] type 00 class 0x088000
Jan  3 22:34:28 adam-VirtualBox kernel: [    0.126895] pci 0000:00:04.0: reg 0x10: [io  0xd020-0xd03f]
Jan  3 22:34:28 adam-VirtualBox kernel: [    0.127639] pci 0000:00:04.0: reg 0x14: [mem 0xf0400000-0xf07fffff]
Jan  3 22:34:28 adam-VirtualBox kernel: [    0.128301] pci 0000:00:04.0: reg 0x18: [mem 0xf0800000-0xf0803fff pref]
Jan  3 22:34:28 adam-VirtualBox kernel: [    0.132321] pci 0000:00:05.0: [8086:2415] type 00 class 0x040100
Jan  3 22:34:28 adam-VirtualBox kernel: [    0.132417] pci 0000:00:05.0: reg 0x10: [io  0xd100-0xd1ff]
Jan  3 22:34:28 adam-VirtualBox kernel: [    0.132484] pci 0000:00:05.0: reg 0x14: [io  0xd200-0xd23f]
Jan  3 22:34:28 adam-VirtualBox kernel: [    0.132982] pci 0000:00:06.0: [106b:003f] type 00 class 0x0c0310
Jan  3 22:34:28 adam-VirtualBox kernel: [    0.133652] pci 0000:00:06.0: reg 0x10: [mem 0xf0804000-0xf0804fff]
Jan  3 22:34:28 adam-VirtualBox kernel: [    0.138003] pci 0000:00:07.0: [8086:7113] type 00 class 0x068000
Jan  3 22:34:28 adam-VirtualBox kernel: [    0.138890] pci 0000:00:0b.0: [8086:265c] type 00 class 0x0c0320
Jan  3 22:34:28 adam-VirtualBox kernel: [    0.139696] pci 0000:00:0b.0: reg 0x10: [mem 0xf0805000-0xf0805fff]
Jan  3 22:34:28 adam-VirtualBox kernel: [    0.145187] pci 0000:00:0d.0: [8086:2829] type 00 class 0x010601
Jan  3 22:34:28 adam-VirtualBox kernel: [    0.146027] pci 0000:00:0d.0: reg 0x10: [io  0xd240-0xd247]
Jan  3 22:34:28 adam-VirtualBox kernel: [    0.147527] pci 0000:00:0d.0: reg 0x18: [io  0xd250-0xd257]
Jan  3 22:34:28 adam-VirtualBox kernel: [    0.148360] pci 0000:00:0d.0: reg 0x20: [io  0xd260-0xd26f]
Jan  3 22:34:28 adam-VirtualBox kernel: [    0.149123] pci 0000:00:0d.0: reg 0x24: [mem 0xf0806000-0xf0807fff]
Jan  3 22:34:28 adam-VirtualBox kernel: [    0.151135] ACPI: PCI Interrupt Link [LNKA] (IRQs 5 9 10 *11)
Jan  3 22:34:28 adam-VirtualBox kernel: [    0.151322] ACPI: PCI Interrupt Link [LNKB] (IRQs 5 9 10 *11)
Jan  3 22:34:28 adam-VirtualBox kernel: [    0.151398] ACPI: PCI Interrupt Link [LNKC] (IRQs 5 9 *10 11)
Jan  3 22:34:28 adam-VirtualBox kernel: [    0.151474] ACPI: PCI Interrupt Link [LNKD] (IRQs 5 *9 10 11)
Jan  3 22:34:28 adam-VirtualBox kernel: [    0.152050] ACPI: Enabled 1 GPEs in block 00 to 07
Jan  3 22:34:28 adam-VirtualBox kernel: [    0.152055] ACPI: \_SB_.PCI0: notify handler is installed
Jan  3 22:34:28 adam-VirtualBox kernel: [    0.152063] Found 1 acpi root devices
Jan  3 22:34:28 adam-VirtualBox kernel: [    0.152182] vgaarb: device added: PCI:0000:00:02.0,decodes=io+mem,owns=io+mem,locks=none
Jan  3 22:34:28 adam-VirtualBox kernel: [    0.152193] vgaarb: loaded
Jan  3 22:34:28 adam-VirtualBox kernel: [    0.152194] vgaarb: bridge control possible 0000:00:02.0
Jan  3 22:34:28 adam-VirtualBox kernel: [    0.152314] SCSI subsystem initialized
Jan  3 22:34:28 adam-VirtualBox kernel: [    0.152354] libata version 3.00 loaded.
Jan  3 22:34:28 adam-VirtualBox kernel: [    0.152368] ACPI: bus type USB registered
Jan  3 22:34:28 adam-VirtualBox kernel: [    0.152379] usbcore: registered new interface driver usbfs
Jan  3 22:34:28 adam-VirtualBox kernel: [    0.152386] usbcore: registered new interface driver hub
Jan  3 22:34:28 adam-VirtualBox kernel: [    0.152401] usbcore: registered new device driver usb
Jan  3 22:34:28 adam-VirtualBox kernel: [    0.152462] PCI: Using ACPI for IRQ routing
Jan  3 22:34:28 adam-VirtualBox kernel: [    0.152464] PCI: pci_cache_line_size set to 64 bytes
Jan  3 22:34:28 adam-VirtualBox kernel: [    0.152673] e820: reserve RAM buffer [mem 0x0009fc00-0x0009ffff]
Jan  3 22:34:28 adam-VirtualBox kernel: [    0.152674] e820: reserve RAM buffer [mem 0x7fff0000-0x7fffffff]
Jan  3 22:34:28 adam-VirtualBox kernel: [    0.152734] NetLabel: Initializing
Jan  3 22:34:28 adam-VirtualBox kernel: [    0.152735] NetLabel:  domain hash size = 128
Jan  3 22:34:28 adam-VirtualBox kernel: [    0.152735] NetLabel:  protocols = UNLABELED CIPSOv4
Jan  3 22:34:28 adam-VirtualBox kernel: [    0.152746] NetLabel:  unlabeled traffic allowed by default
Jan  3 22:34:28 adam-VirtualBox kernel: [    0.152801] Switched to clocksource refined-jiffies
Jan  3 22:34:28 adam-VirtualBox kernel: [    0.155769] AppArmor: AppArmor Filesystem Enabled
Jan  3 22:34:28 adam-VirtualBox kernel: [    0.155793] pnp: PnP ACPI init
Jan  3 22:34:28 adam-VirtualBox kernel: [    0.155800] ACPI: bus type PNP registered
Jan  3 22:34:28 adam-VirtualBox kernel: [    0.155871] pnp 00:00: Plug and Play ACPI device, IDs PNP0303 (active)
Jan  3 22:34:28 adam-VirtualBox kernel: [    0.155878] pnp 00:01: [dma 4]
Jan  3 22:34:28 adam-VirtualBox kernel: [    0.155886] pnp 00:01: Plug and Play ACPI device, IDs PNP0200 (active)
Jan  3 22:34:28 adam-VirtualBox kernel: [    0.155949] pnp 00:02: Plug and Play ACPI device, IDs PNP0f03 (active)
Jan  3 22:34:28 adam-VirtualBox kernel: [    0.155971] pnp 00:03: Plug and Play ACPI device, IDs PNP0400 (active)
Jan  3 22:34:28 adam-VirtualBox kernel: [    0.156406] pnp: PnP ACPI: found 4 devices
Jan  3 22:34:28 adam-VirtualBox kernel: [    0.156407] ACPI: bus type PNP unregistered
Jan  3 22:34:28 adam-VirtualBox kernel: [    0.161687] Switched to clocksource acpi_pm
Jan  3 22:34:28 adam-VirtualBox kernel: [    0.161693] pci_bus 0000:00: resource 4 [io  0x0000-0xffff]
Jan  3 22:34:28 adam-VirtualBox kernel: [    0.161696] pci_bus 0000:00: resource 5 [mem 0x00000000-0xfffffffff]
Jan  3 22:34:28 adam-VirtualBox kernel: [    0.161715] NET: Registered protocol family 2
Jan  3 22:34:28 adam-VirtualBox kernel: [    0.161813] TCP established hash table entries: 16384 (order: 5, 131072 bytes)
Jan  3 22:34:28 adam-VirtualBox kernel: [    0.161843] TCP bind hash table entries: 16384 (order: 6, 262144 bytes)
Jan  3 22:34:28 adam-VirtualBox kernel: [    0.162108] TCP: Hash tables configured (established 16384 bind 16384)
Jan  3 22:34:28 adam-VirtualBox kernel: [    0.162123] TCP: reno registered
Jan  3 22:34:28 adam-VirtualBox kernel: [    0.162126] UDP hash table entries: 1024 (order: 3, 32768 bytes)
Jan  3 22:34:28 adam-VirtualBox kernel: [    0.162132] UDP-Lite hash table entries: 1024 (order: 3, 32768 bytes)
Jan  3 22:34:28 adam-VirtualBox kernel: [    0.162166] NET: Registered protocol family 1
Jan  3 22:34:28 adam-VirtualBox kernel: [    0.162172] pci 0000:00:00.0: Limiting direct PCI/PCI transfers
Jan  3 22:34:28 adam-VirtualBox kernel: [    0.162896] pci 0000:00:01.0: Activating ISA DMA hang workarounds
Jan  3 22:34:28 adam-VirtualBox kernel: [    0.162930] pci 0000:00:02.0: Boot video device
Jan  3 22:34:28 adam-VirtualBox kernel: [    0.217318] PCI: CLS 64 bytes, default 64
Jan  3 22:34:28 adam-VirtualBox kernel: [    0.217429] Trying to unpack rootfs image as initramfs...
Jan  3 22:34:28 adam-VirtualBox kernel: [    0.446437] Freeing initrd memory: 18708K (ffff880035b66000 - ffff880036dab000)
Jan  3 22:34:28 adam-VirtualBox kernel: [    0.446519] platform rtc_cmos: registered platform RTC device (no PNP device found)
Jan  3 22:34:28 adam-VirtualBox kernel: [    0.446581] microcode: CPU0 sig=0x306a9, pf=0x2, revision=0x19
Jan  3 22:34:28 adam-VirtualBox kernel: [    0.446614] microcode: Microcode Update Driver: v2.00 <tigran@aivazian.fsnet.co.uk>, Peter Oruba
Jan  3 22:34:28 adam-VirtualBox kernel: [    0.446615] Scanning for low memory corruption every 60 seconds
Jan  3 22:34:28 adam-VirtualBox kernel: [    0.446748] Initialise system trusted keyring
Jan  3 22:34:28 adam-VirtualBox kernel: [    0.446781] audit: initializing netlink socket (disabled)
Jan  3 22:34:28 adam-VirtualBox kernel: [    0.446790] type=2000 audit(1420320859.443:1): initialized
Jan  3 22:34:28 adam-VirtualBox kernel: [    0.468209] HugeTLB registered 2 MB page size, pre-allocated 0 pages
Jan  3 22:34:28 adam-VirtualBox kernel: [    0.468880] zbud: loaded
Jan  3 22:34:28 adam-VirtualBox kernel: [    0.468987] VFS: Disk quotas dquot_6.5.2
Jan  3 22:34:28 adam-VirtualBox kernel: [    0.469014] Dquot-cache hash table entries: 512 (order 0, 4096 bytes)
Jan  3 22:34:28 adam-VirtualBox kernel: [    0.469365] fuse init (API version 7.22)
Jan  3 22:34:28 adam-VirtualBox kernel: [    0.469405] msgmni has been set to 3998
Jan  3 22:34:28 adam-VirtualBox kernel: [    0.469439] Key type big_key registered
Jan  3 22:34:28 adam-VirtualBox kernel: [    0.469840] Key type asymmetric registered
Jan  3 22:34:28 adam-VirtualBox kernel: [    0.469842] Asymmetric key parser 'x509' registered
Jan  3 22:34:28 adam-VirtualBox kernel: [    0.469864] Block layer SCSI generic (bsg) driver version 0.4 loaded (major 252)
Jan  3 22:34:28 adam-VirtualBox kernel: [    0.469892] io scheduler noop registered
Jan  3 22:34:28 adam-VirtualBox kernel: [    0.469894] io scheduler deadline registered (default)
Jan  3 22:34:28 adam-VirtualBox kernel: [    0.469910] io scheduler cfq registered
Jan  3 22:34:28 adam-VirtualBox kernel: [    0.469959] pci_hotplug: PCI Hot Plug PCI Core version: 0.5
Jan  3 22:34:28 adam-VirtualBox kernel: [    0.469968] pciehp: PCI Express Hot Plug Controller Driver version: 0.4
Jan  3 22:34:28 adam-VirtualBox kernel: [    0.469994] vesafb: mode is 640x480x32, linelength=2560, pages=0
Jan  3 22:34:28 adam-VirtualBox kernel: [    0.469995] vesafb: scrolling: redraw
Jan  3 22:34:28 adam-VirtualBox kernel: [    0.469997] vesafb: Truecolor: size=8:8:8:8, shift=24:16:8:0
Jan  3 22:34:28 adam-VirtualBox kernel: [    0.470056] vesafb: framebuffer at 0xe0000000, mapped to 0xffffc90000400000, using 1216k, total 1216k
Jan  3 22:34:28 adam-VirtualBox kernel: [    0.471530] Console: switching to colour frame buffer device 80x30
Jan  3 22:34:28 adam-VirtualBox kernel: [    0.472007] fb0: VESA VGA frame buffer device
Jan  3 22:34:28 adam-VirtualBox kernel: [    0.472124] ipmi message handler version 39.2
Jan  3 22:34:28 adam-VirtualBox kernel: [    0.472231] ACPI: AC Adapter [AC] (on-line)
Jan  3 22:34:28 adam-VirtualBox kernel: [    0.472320] input: Power Button as /devices/LNXSYSTM:00/LNXPWRBN:00/input/input0
Jan  3 22:34:28 adam-VirtualBox kernel: [    0.472323] ACPI: Power Button [PWRF]
Jan  3 22:34:28 adam-VirtualBox kernel: [    0.472372] input: Sleep Button as /devices/LNXSYSTM:00/LNXSLPBN:00/input/input1
Jan  3 22:34:28 adam-VirtualBox kernel: [    0.472374] ACPI: Sleep Button [SLPF]
Jan  3 22:34:28 adam-VirtualBox kernel: [    0.472453] GHES: HEST is not enabled!
Jan  3 22:34:28 adam-VirtualBox kernel: [    0.472497] Serial: 8250/16550 driver, 32 ports, IRQ sharing enabled
Jan  3 22:34:28 adam-VirtualBox kernel: [    0.473175] Linux agpgart interface v0.103
Jan  3 22:34:28 adam-VirtualBox kernel: [    0.473955] brd: module loaded
Jan  3 22:34:28 adam-VirtualBox kernel: [    0.474420] loop: module loaded
Jan  3 22:34:28 adam-VirtualBox kernel: [    0.474483] ata_piix 0000:00:01.1: version 2.13
Jan  3 22:34:28 adam-VirtualBox kernel: [    0.474749] scsi0 : ata_piix
Jan  3 22:34:28 adam-VirtualBox kernel: [    0.474784] scsi1 : ata_piix
Jan  3 22:34:28 adam-VirtualBox kernel: [    0.474802] ata1: PATA max UDMA/33 cmd 0x1f0 ctl 0x3f6 bmdma 0xd000 irq 14
Jan  3 22:34:28 adam-VirtualBox kernel: [    0.474803] ata2: PATA max UDMA/33 cmd 0x170 ctl 0x376 bmdma 0xd008 irq 15
Jan  3 22:34:28 adam-VirtualBox kernel: [    0.474955] libphy: Fixed MDIO Bus: probed
Jan  3 22:34:28 adam-VirtualBox kernel: [    0.475006] tun: Universal TUN/TAP device driver, 1.6
Jan  3 22:34:28 adam-VirtualBox kernel: [    0.475007] tun: (C) 1999-2004 Max Krasnyansky <maxk@qualcomm.com>
Jan  3 22:34:28 adam-VirtualBox kernel: [    0.475038] PPP generic driver version 2.4.2
Jan  3 22:34:28 adam-VirtualBox kernel: [    0.475061] ehci_hcd: USB 2.0 'Enhanced' Host Controller (EHCI) Driver
Jan  3 22:34:28 adam-VirtualBox kernel: [    0.475063] ehci-pci: EHCI PCI platform driver
Jan  3 22:34:28 adam-VirtualBox kernel: [    0.476155] ehci-pci 0000:00:0b.0: EHCI Host Controller
Jan  3 22:34:28 adam-VirtualBox kernel: [    0.476159] ehci-pci 0000:00:0b.0: new USB bus registered, assigned bus number 1
Jan  3 22:34:28 adam-VirtualBox kernel: [    0.476349] ehci-pci 0000:00:0b.0: irq 19, io mem 0xf0805000
Jan  3 22:34:28 adam-VirtualBox kernel: [    0.490292] ehci-pci 0000:00:0b.0: USB 2.0 started, EHCI 1.00
Jan  3 22:34:28 adam-VirtualBox kernel: [    0.490334] usb usb1: New USB device found, idVendor=1d6b, idProduct=0002
Jan  3 22:34:28 adam-VirtualBox kernel: [    0.490336] usb usb1: New USB device strings: Mfr=3, Product=2, SerialNumber=1
Jan  3 22:34:28 adam-VirtualBox kernel: [    0.490337] usb usb1: Product: EHCI Host Controller
Jan  3 22:34:28 adam-VirtualBox kernel: [    0.490338] usb usb1: Manufacturer: Linux 3.13.0-32-generic ehci_hcd
Jan  3 22:34:28 adam-VirtualBox kernel: [    0.490339] usb usb1: SerialNumber: 0000:00:0b.0
Jan  3 22:34:28 adam-VirtualBox kernel: [    0.490466] hub 1-0:1.0: USB hub found
Jan  3 22:34:28 adam-VirtualBox kernel: [    0.490472] hub 1-0:1.0: 8 ports detected
Jan  3 22:34:28 adam-VirtualBox kernel: [    0.490610] ehci-platform: EHCI generic platform driver
Jan  3 22:34:28 adam-VirtualBox kernel: [    0.490619] ohci_hcd: USB 1.1 'Open' Host Controller (OHCI) Driver
Jan  3 22:34:28 adam-VirtualBox kernel: [    0.490620] ohci-pci: OHCI PCI platform driver
Jan  3 22:34:28 adam-VirtualBox kernel: [    0.491053] ohci-pci 0000:00:06.0: OHCI PCI host controller
Jan  3 22:34:28 adam-VirtualBox kernel: [    0.491053] ohci-pci 0000:00:06.0: new USB bus registered, assigned bus number 2
Jan  3 22:34:28 adam-VirtualBox kernel: [    0.491053] ohci-pci 0000:00:06.0: irq 22, io mem 0xf0804000
Jan  3 22:34:28 adam-VirtualBox kernel: [    0.544289] usb usb2: New USB device found, idVendor=1d6b, idProduct=0001
Jan  3 22:34:28 adam-VirtualBox kernel: [    0.544292] usb usb2: New USB device strings: Mfr=3, Product=2, SerialNumber=1
Jan  3 22:34:28 adam-VirtualBox kernel: [    0.544293] usb usb2: Product: OHCI PCI host controller
Jan  3 22:34:28 adam-VirtualBox kernel: [    0.544295] usb usb2: Manufacturer: Linux 3.13.0-32-generic ohci_hcd
Jan  3 22:34:28 adam-VirtualBox kernel: [    0.544296] usb usb2: SerialNumber: 0000:00:06.0
Jan  3 22:34:28 adam-VirtualBox kernel: [    0.544408] hub 2-0:1.0: USB hub found
Jan  3 22:34:28 adam-VirtualBox kernel: [    0.544410] hub 2-0:1.0: 8 ports detected
Jan  3 22:34:28 adam-VirtualBox kernel: [    0.544636] ohci-platform: OHCI generic platform driver
Jan  3 22:34:28 adam-VirtualBox kernel: [    0.544644] uhci_hcd: USB Universal Host Controller Interface driver
Jan  3 22:34:28 adam-VirtualBox kernel: [    0.544681] i8042: PNP: PS/2 Controller [PNP0303:PS2K,PNP0f03:PS2M] at 0x60,0x64 irq 1,12
Jan  3 22:34:28 adam-VirtualBox kernel: [    0.545611] serio: i8042 KBD port at 0x60,0x64 irq 1
Jan  3 22:34:28 adam-VirtualBox kernel: [    0.545616] serio: i8042 AUX port at 0x60,0x64 irq 12
Jan  3 22:34:28 adam-VirtualBox kernel: [    0.545679] mousedev: PS/2 mouse device common for all mice
Jan  3 22:34:28 adam-VirtualBox kernel: [    0.546104] input: AT Translated Set 2 keyboard as /devices/platform/i8042/serio0/input/input2
Jan  3 22:34:28 adam-VirtualBox kernel: [    0.546556] rtc_cmos rtc_cmos: rtc core: registered rtc_cmos as rtc0
Jan  3 22:34:28 adam-VirtualBox kernel: [    0.546627] rtc_cmos rtc_cmos: alarms up to one day, 114 bytes nvram
Jan  3 22:34:28 adam-VirtualBox kernel: [    0.546672] device-mapper: uevent: version 1.0.3
Jan  3 22:34:28 adam-VirtualBox kernel: [    0.546707] device-mapper: ioctl: 4.27.0-ioctl (2013-10-30) initialised: dm-devel@redhat.com
Jan  3 22:34:28 adam-VirtualBox kernel: [    0.546711] ledtrig-cpu: registered to indicate activity on CPUs
Jan  3 22:34:28 adam-VirtualBox kernel: [    0.546789] TCP: cubic registered
Jan  3 22:34:28 adam-VirtualBox kernel: [    0.546843] NET: Registered protocol family 10
Jan  3 22:34:28 adam-VirtualBox kernel: [    0.546952] NET: Registered protocol family 17
Jan  3 22:34:28 adam-VirtualBox kernel: [    0.546960] Key type dns_resolver registered
Jan  3 22:34:28 adam-VirtualBox kernel: [    0.547061] Loading compiled-in X.509 certificates
Jan  3 22:34:28 adam-VirtualBox kernel: [    0.547700] Loaded X.509 cert 'Magrathea: Glacier signing key: 5e3c0f9ca6e36543535fa2bb5b709e84f16da7c7'
Jan  3 22:34:28 adam-VirtualBox kernel: [    0.547709] registered taskstats version 1
Jan  3 22:34:28 adam-VirtualBox kernel: [    0.549379] Key type trusted registered
Jan  3 22:34:28 adam-VirtualBox kernel: [    0.551460] Key type encrypted registered
Jan  3 22:34:28 adam-VirtualBox kernel: [    0.552842] AppArmor: AppArmor sha1 policy hashing enabled
Jan  3 22:34:28 adam-VirtualBox kernel: [    0.552845] IMA: No TPM chip found, activating TPM-bypass!
Jan  3 22:34:28 adam-VirtualBox kernel: [    0.553147] regulator-dummy: disabling
Jan  3 22:34:28 adam-VirtualBox kernel: [    0.553176]   Magic number: 15:450:600
Jan  3 22:34:28 adam-VirtualBox kernel: [    0.553279] rtc_cmos rtc_cmos: setting system clock to 2015-01-03 21:34:20 UTC (1420320860)
Jan  3 22:34:28 adam-VirtualBox kernel: [    0.553315] BIOS EDD facility v0.16 2004-Jun-25, 0 devices found
Jan  3 22:34:28 adam-VirtualBox kernel: [    0.553316] EDD information not available.
Jan  3 22:34:28 adam-VirtualBox kernel: [    0.553330] PM: Hibernation image not present or could not be loaded.
Jan  3 22:34:28 adam-VirtualBox kernel: [    0.632508] ata2.00: ATAPI: VBOX CD-ROM, 1.0, max UDMA/133
Jan  3 22:34:28 adam-VirtualBox kernel: [    0.632909] ata2.00: configured for UDMA/33
Jan  3 22:34:28 adam-VirtualBox kernel: [    0.633437] scsi 1:0:0:0: CD-ROM            VBOX     CD-ROM           1.0  PQ: 0 ANSI: 5
Jan  3 22:34:28 adam-VirtualBox kernel: [    0.634141] sr0: scsi3-mmc drive: 32x/32x xa/form2 tray
Jan  3 22:34:28 adam-VirtualBox kernel: [    0.634142] cdrom: Uniform CD-ROM driver Revision: 3.20
Jan  3 22:34:28 adam-VirtualBox kernel: [    0.634201] sr 1:0:0:0: Attached scsi CD-ROM sr0
Jan  3 22:34:28 adam-VirtualBox kernel: [    0.634312] sr 1:0:0:0: Attached scsi generic sg0 type 5
Jan  3 22:34:28 adam-VirtualBox kernel: [    0.634921] Freeing unused kernel memory: 1336K (ffffffff81d1f000 - ffffffff81e6d000)
Jan  3 22:34:28 adam-VirtualBox kernel: [    0.634924] Write protecting the kernel read-only data: 12288k
Jan  3 22:34:28 adam-VirtualBox kernel: [    0.636177] Freeing unused kernel memory: 816K (ffff880001734000 - ffff880001800000)
Jan  3 22:34:28 adam-VirtualBox kernel: [    0.637499] Freeing unused kernel memory: 696K (ffff880001b52000 - ffff880001c00000)
Jan  3 22:34:28 adam-VirtualBox kernel: [    0.673281] e1000: Intel(R) PRO/1000 Network Driver - version 7.3.21-k8-NAPI
Jan  3 22:34:28 adam-VirtualBox kernel: [    0.673283] e1000: Copyright (c) 1999-2006 Intel Corporation.
Jan  3 22:34:28 adam-VirtualBox kernel: [    1.013056] input: ImExPS/2 Generic Explorer Mouse as /devices/platform/i8042/serio1/input/input4
Jan  3 22:34:28 adam-VirtualBox kernel: [    1.048773] e1000 0000:00:03.0 eth0: (PCI:33MHz:32-bit) 08:00:27:69:d2:96
Jan  3 22:34:28 adam-VirtualBox kernel: [    1.048779] e1000 0000:00:03.0 eth0: Intel(R) PRO/1000 Network Connection
Jan  3 22:34:28 adam-VirtualBox kernel: [    1.049120] ahci 0000:00:0d.0: version 3.0
Jan  3 22:34:28 adam-VirtualBox kernel: [    1.049652] ahci 0000:00:0d.0: SSS flag set, parallel bus scan disabled
Jan  3 22:34:28 adam-VirtualBox kernel: [    1.049806] ahci 0000:00:0d.0: AHCI 0001.0100 32 slots 1 ports 3 Gbps 0x1 impl SATA mode
Jan  3 22:34:28 adam-VirtualBox kernel: [    1.049809] ahci 0000:00:0d.0: flags: 64bit ncq stag only ccc 
Jan  3 22:34:28 adam-VirtualBox kernel: [    1.052086] scsi2 : ahci
Jan  3 22:34:28 adam-VirtualBox kernel: [    1.052126] ata3: SATA max UDMA/133 abar m8192@0xf0806000 port 0xf0806100 irq 21
Jan  3 22:34:28 adam-VirtualBox kernel: [    1.220168] usb 2-1: new full-speed USB device number 2 using ohci-pci
Jan  3 22:34:28 adam-VirtualBox kernel: [    1.372177] ata3: SATA link up 3.0 Gbps (SStatus 123 SControl 300)
Jan  3 22:34:28 adam-VirtualBox kernel: [    1.372388] ata3.00: ATA-6: VBOX HARDDISK, 1.0, max UDMA/133
Jan  3 22:34:28 adam-VirtualBox kernel: [    1.372390] ata3.00: 16777216 sectors, multi 128: LBA48 NCQ (depth 31/32)
Jan  3 22:34:28 adam-VirtualBox kernel: [    1.373069] ata3.00: configured for UDMA/133
Jan  3 22:34:28 adam-VirtualBox kernel: [    1.373160] scsi 2:0:0:0: Direct-Access     ATA      VBOX HARDDISK    1.0  PQ: 0 ANSI: 5
Jan  3 22:34:28 adam-VirtualBox kernel: [    1.373303] sd 2:0:0:0: [sda] 16777216 512-byte logical blocks: (8.58 GB/8.00 GiB)
Jan  3 22:34:28 adam-VirtualBox kernel: [    1.373377] sd 2:0:0:0: Attached scsi generic sg1 type 0
Jan  3 22:34:28 adam-VirtualBox kernel: [    1.373396] sd 2:0:0:0: [sda] Write Protect is off
Jan  3 22:34:28 adam-VirtualBox kernel: [    1.373398] sd 2:0:0:0: [sda] Mode Sense: 00 3a 00 00
Jan  3 22:34:28 adam-VirtualBox kernel: [    1.373442] sd 2:0:0:0: [sda] Write cache: enabled, read cache: enabled, doesn't support DPO or FUA
Jan  3 22:34:28 adam-VirtualBox kernel: [    1.399767]  sda: sda1 sda2 < sda5 >
Jan  3 22:34:28 adam-VirtualBox kernel: [    1.400150] sd 2:0:0:0: [sda] Attached SCSI disk
Jan  3 22:34:28 adam-VirtualBox kernel: [    1.444112] tsc: Refined TSC clocksource calibration: 2323.520 MHz
Jan  3 22:34:28 adam-VirtualBox kernel: [    1.478619] usb 2-1: New USB device found, idVendor=80ee, idProduct=0021
Jan  3 22:34:28 adam-VirtualBox kernel: [    1.478622] usb 2-1: New USB device strings: Mfr=1, Product=3, SerialNumber=0
Jan  3 22:34:28 adam-VirtualBox kernel: [    1.478623] usb 2-1: Product: USB Tablet
Jan  3 22:34:28 adam-VirtualBox kernel: [    1.478625] usb 2-1: Manufacturer: VirtualBox
Jan  3 22:34:28 adam-VirtualBox kernel: [    1.484260] hidraw: raw HID events driver (C) Jiri Kosina
Jan  3 22:34:28 adam-VirtualBox kernel: [    1.492920] usbcore: registered new interface driver usbhid
Jan  3 22:34:28 adam-VirtualBox kernel: [    1.492922] usbhid: USB HID core driver
Jan  3 22:34:28 adam-VirtualBox kernel: [    1.497210] input: VirtualBox USB Tablet as /devices/pci0000:00/0000:00:06.0/usb2/2-1/2-1:1.0/input/input5
Jan  3 22:34:28 adam-VirtualBox kernel: [    1.497846] hid-generic 0003:80EE:0021.0001: input,hidraw0: USB HID v1.10 Mouse [VirtualBox USB Tablet] on usb-0000:00:06.0-1/input0
Jan  3 22:34:28 adam-VirtualBox kernel: [    1.587315] EXT4-fs (sda1): mounted filesystem with ordered data mode. Opts: (null)
Jan  3 22:34:28 adam-VirtualBox kernel: [    2.213079] random: init urandom read with 81 bits of entropy available
Jan  3 22:34:28 adam-VirtualBox kernel: [    2.444151] Switched to clocksource tsc
Jan  3 22:34:28 adam-VirtualBox kernel: [    3.086828] random: nonblocking pool is initialized
Jan  3 22:34:28 adam-VirtualBox kernel: [    3.828550] Adding 2095100k swap on /dev/sda5.  Priority:-1 extents:1 across:2095100k FS
Jan  3 22:34:28 adam-VirtualBox kernel: [    4.730937] IPv6: ADDRCONF(NETDEV_UP): eth0: link is not ready
Jan  3 22:34:28 adam-VirtualBox kernel: [    5.599515] lp: driver loaded but no devices found
Jan  3 22:34:28 adam-VirtualBox kernel: [    5.681796] EXT4-fs (sda1): re-mounted. Opts: errors=remount-ro
Jan  3 22:34:28 adam-VirtualBox kernel: [    5.701295] ppdev: user-space parallel port driver
Jan  3 22:34:28 adam-VirtualBox kernel: [    5.731327] parport_pc 00:03: reported by Plug and Play ACPI
Jan  3 22:34:28 adam-VirtualBox kernel: [    7.643653] piix4_smbus 0000:00:07.0: SMBus base address uninitialized - upgrade BIOS or use force_addr=0xaddr
Jan  3 22:34:28 adam-VirtualBox kernel: [    8.148116] intel_rapl: domain package energy ctr 0:0 not working, skip
Jan  3 22:34:28 adam-VirtualBox kernel: [    8.261011] intel_rapl: domain core energy ctr 0:0 not working, skip
Jan  3 22:34:28 adam-VirtualBox kernel: [    8.266916] type=1400 audit(1420320868.209:2): apparmor="STATUS" operation="profile_load" profile="unconfined" name="/sbin/dhclient" pid=375 comm="apparmor_parser"
Jan  3 22:34:28 adam-VirtualBox kernel: [    8.266921] type=1400 audit(1420320868.209:3): apparmor="STATUS" operation="profile_load" profile="unconfined" name="/usr/lib/NetworkManager/nm-dhcp-client.action" pid=375 comm="apparmor_parser"
Jan  3 22:34:28 adam-VirtualBox kernel: [    8.266925] type=1400 audit(1420320868.209:4): apparmor="STATUS" operation="profile_load" profile="unconfined" name="/usr/lib/connman/scripts/dhclient-script" pid=375 comm="apparmor_parser"
Jan  3 22:34:28 adam-VirtualBox kernel: [    8.267229] type=1400 audit(1420320868.209:5): apparmor="STATUS" operation="profile_replace" profile="unconfined" name="/usr/lib/NetworkManager/nm-dhcp-client.action" pid=375 comm="apparmor_parser"
Jan  3 22:34:28 adam-VirtualBox kernel: [    8.267232] type=1400 audit(1420320868.209:6): apparmor="STATUS" operation="profile_replace" profile="unconfined" name="/usr/lib/connman/scripts/dhclient-script" pid=375 comm="apparmor_parser"
Jan  3 22:34:28 adam-VirtualBox kernel: [    8.267389] type=1400 audit(1420320868.209:7): apparmor="STATUS" operation="profile_replace" profile="unconfined" name="/usr/lib/connman/scripts/dhclient-script" pid=375 comm="apparmor_parser"
Jan  3 22:34:28 adam-VirtualBox kernel: [    8.267844] type=1400 audit(1420320868.209:8): apparmor="STATUS" operation="profile_replace" profile="unconfined" name="/sbin/dhclient" pid=376 comm="apparmor_parser"
Jan  3 22:34:28 adam-VirtualBox kernel: [    8.267848] type=1400 audit(1420320868.209:9): apparmor="STATUS" operation="profile_replace" profile="unconfined" name="/usr/lib/NetworkManager/nm-dhcp-client.action" pid=376 comm="apparmor_parser"
Jan  3 22:34:28 adam-VirtualBox kernel: [    8.267850] type=1400 audit(1420320868.209:10): apparmor="STATUS" operation="profile_replace" profile="unconfined" name="/usr/lib/connman/scripts/dhclient-script" pid=376 comm="apparmor_parser"
Jan  3 22:34:28 adam-VirtualBox kernel: [    8.268151] type=1400 audit(1420320868.209:11): apparmor="STATUS" operation="profile_replace" profile="unconfined" name="/usr/lib/NetworkManager/nm-dhcp-client.action" pid=376 comm="apparmor_parser"
Jan  3 22:34:28 adam-VirtualBox kernel: [    8.391183] intel_rapl: domain uncore energy ctr 0:0 not working, skip
Jan  3 22:34:28 adam-VirtualBox kernel: [    8.391226] intel_rapl: no valid rapl domains found in package 0
Jan  3 22:34:28 adam-VirtualBox failsafe: Failsafe of 120 seconds reached.
Jan  3 22:34:28 adam-VirtualBox kernel: [    8.905300] intel8x0_measure_ac97_clock: measured 53826 usecs (7679 samples)
Jan  3 22:34:28 adam-VirtualBox kernel: [    8.905302] intel8x0: measured clock 142663 rejected
Jan  3 22:34:28 adam-VirtualBox bluetoothd[477]: Bluetooth daemon 4.101
Jan  3 22:34:29 adam-VirtualBox avahi-daemon[504]: Found user 'avahi' (UID 111) and group 'avahi' (GID 117).
Jan  3 22:34:29 adam-VirtualBox avahi-daemon[504]: Successfully dropped root privileges.
Jan  3 22:34:29 adam-VirtualBox avahi-daemon[504]: avahi-daemon 0.6.31 starting up.
Jan  3 22:34:29 adam-VirtualBox bluetoothd[477]: Starting SDP server
Jan  3 22:34:29 adam-VirtualBox kernel: [    9.264118] intel8x0_measure_ac97_clock: measured 55925 usecs (7680 samples)
Jan  3 22:34:29 adam-VirtualBox kernel: [    9.264120] intel8x0: measured clock 137326 rejected
Jan  3 22:34:29 adam-VirtualBox avahi-daemon[504]: Successfully called chroot().
Jan  3 22:34:29 adam-VirtualBox avahi-daemon[504]: Successfully dropped remaining capabilities.
Jan  3 22:34:29 adam-VirtualBox avahi-daemon[504]: No service file found in /etc/avahi/services.
Jan  3 22:34:29 adam-VirtualBox avahi-daemon[504]: Network interface enumeration completed.
Jan  3 22:34:29 adam-VirtualBox avahi-daemon[504]: Registering HINFO record with values 'X86_64'/'LINUX'.
Jan  3 22:34:29 adam-VirtualBox avahi-daemon[504]: Server startup complete. Host name is adam-VirtualBox.local. Local service cookie is 3367345941.
Jan  3 22:34:29 adam-VirtualBox kernel: [    9.540074] Bluetooth: Core ver 2.17
Jan  3 22:34:29 adam-VirtualBox kernel: [    9.540228] NET: Registered protocol family 31
Jan  3 22:34:29 adam-VirtualBox kernel: [    9.540229] Bluetooth: HCI device and connection manager initialized
Jan  3 22:34:29 adam-VirtualBox kernel: [    9.540451] Bluetooth: HCI socket layer initialized
Jan  3 22:34:29 adam-VirtualBox kernel: [    9.540453] Bluetooth: L2CAP socket layer initialized
Jan  3 22:34:29 adam-VirtualBox kernel: [    9.540457] Bluetooth: SCO socket layer initialized
Jan  3 22:34:29 adam-VirtualBox bluetoothd[477]: DIS cannot start: GATT is disabled
Jan  3 22:34:29 adam-VirtualBox bluetoothd[477]: Failed to init deviceinfo plugin
Jan  3 22:34:29 adam-VirtualBox bluetoothd[477]: Failed to init proximity plugin
Jan  3 22:34:29 adam-VirtualBox bluetoothd[477]: Failed to init time plugin
Jan  3 22:34:29 adam-VirtualBox bluetoothd[477]: Failed to init alert plugin
Jan  3 22:34:29 adam-VirtualBox bluetoothd[477]: Failed to init thermometer plugin
Jan  3 22:34:29 adam-VirtualBox kernel: [    9.624281] intel8x0_measure_ac97_clock: measured 55983 usecs (7200 samples)
Jan  3 22:34:29 adam-VirtualBox kernel: [    9.624283] intel8x0: measured clock 128610 rejected
Jan  3 22:34:29 adam-VirtualBox kernel: [    9.624286] intel8x0: clocking to 48000
Jan  3 22:34:29 adam-VirtualBox kernel: [    9.704058] Bluetooth: BNEP (Ethernet Emulation) ver 1.3
Jan  3 22:34:29 adam-VirtualBox kernel: [    9.704061] Bluetooth: BNEP filters: protocol multicast
Jan  3 22:34:29 adam-VirtualBox kernel: [    9.705007] Bluetooth: BNEP socket layer initialized
Jan  3 22:34:29 adam-VirtualBox bluetoothd[477]: Failed to init gatt_example plugin
Jan  3 22:34:29 adam-VirtualBox bluetoothd[477]: Bluetooth Management interface initialized
Jan  3 22:34:29 adam-VirtualBox kernel: [    9.829842] Bluetooth: RFCOMM TTY layer initialized
Jan  3 22:34:29 adam-VirtualBox kernel: [    9.829853] Bluetooth: RFCOMM socket layer initialized
Jan  3 22:34:29 adam-VirtualBox kernel: [    9.829857] Bluetooth: RFCOMM ver 1.11
Jan  3 22:34:30 adam-VirtualBox ModemManager[551]: <info>  ModemManager (version 1.0.0) starting...
Jan  3 22:34:31 adam-VirtualBox NetworkManager[671]: <info> NetworkManager (version 0.9.8.8) is starting...
Jan  3 22:34:31 adam-VirtualBox NetworkManager[671]: <info> Read config file /etc/NetworkManager/NetworkManager.conf
Jan  3 22:34:31 adam-VirtualBox NetworkManager[671]: <info> WEXT support is enabled
Jan  3 22:34:32 adam-VirtualBox ntpdate[754]: Can't find host ntp.ubuntu.com: Name or service not known (-2)
Jan  3 22:34:32 adam-VirtualBox ntpdate[754]: no servers can be used, exiting
Jan  3 22:34:32 adam-VirtualBox NetworkManager[671]: <info> VPN: loaded org.freedesktop.NetworkManager.pptp
Jan  3 22:34:32 adam-VirtualBox NetworkManager[671]: <info> DNS: loaded plugin dnsmasq
Jan  3 22:34:33 adam-VirtualBox dbus[393]: [system] Activating service name='org.freedesktop.PolicyKit1' (using servicehelper)
Jan  3 22:34:33 adam-VirtualBox polkitd[768]: started daemon version 0.105 using authority implementation `local' version `0.105'
Jan  3 22:34:33 adam-VirtualBox dbus[393]: [system] Successfully activated service 'org.freedesktop.PolicyKit1'
Jan  3 22:34:33 adam-VirtualBox NetworkManager[671]:    SCPlugin-Ifupdown: init!
Jan  3 22:34:33 adam-VirtualBox NetworkManager[671]:    SCPlugin-Ifupdown: update_system_hostname
Jan  3 22:34:33 adam-VirtualBox NetworkManager[671]:       interface-parser: parsing file /etc/network/interfaces
Jan  3 22:34:33 adam-VirtualBox NetworkManager[671]:       interface-parser: finished parsing file /etc/network/interfaces
Jan  3 22:34:33 adam-VirtualBox NetworkManager[671]:    SCPluginIfupdown: management mode: unmanaged
Jan  3 22:34:33 adam-VirtualBox NetworkManager[671]:    SCPlugin-Ifupdown: devices added (path: /sys/devices/pci0000:00/0000:00:03.0/net/eth0, iface: eth0)
Jan  3 22:34:33 adam-VirtualBox NetworkManager[671]:    SCPlugin-Ifupdown: device added (path: /sys/devices/pci0000:00/0000:00:03.0/net/eth0, iface: eth0): no ifupdown configuration found.
Jan  3 22:34:33 adam-VirtualBox NetworkManager[671]:    SCPlugin-Ifupdown: devices added (path: /sys/devices/virtual/net/lo, iface: lo)
Jan  3 22:34:33 adam-VirtualBox NetworkManager[671]:    SCPlugin-Ifupdown: device added (path: /sys/devices/virtual/net/lo, iface: lo): no ifupdown configuration found.
Jan  3 22:34:33 adam-VirtualBox NetworkManager[671]:    SCPlugin-Ifupdown: end _init.
Jan  3 22:34:33 adam-VirtualBox NetworkManager[671]: <info> Loaded plugin ifupdown: (C) 2008 Canonical Ltd.  To report bugs please use the NetworkManager mailing list.
Jan  3 22:34:33 adam-VirtualBox NetworkManager[671]: <info> Loaded plugin keyfile: (c) 2007 - 2010 Red Hat, Inc.  To report bugs please use the NetworkManager mailing list.
Jan  3 22:34:33 adam-VirtualBox NetworkManager[671]:    SCPlugin-Ofono: Acquired D-Bus service com.canonical.NMOfono
Jan  3 22:34:33 adam-VirtualBox NetworkManager[671]:    SCPlugin-Ofono: init!
Jan  3 22:34:33 adam-VirtualBox NetworkManager[671]:    SCPlugin-Ofono: end _init.
Jan  3 22:34:33 adam-VirtualBox NetworkManager[671]: <info> Loaded plugin (null): (null)
Jan  3 22:34:33 adam-VirtualBox NetworkManager[671]:    Ifupdown: get unmanaged devices count: 0
Jan  3 22:34:33 adam-VirtualBox NetworkManager[671]:    SCPlugin-Ifupdown: (24945424) ... get_connections.
Jan  3 22:34:33 adam-VirtualBox NetworkManager[671]:    SCPlugin-Ifupdown: (24945424) ... get_connections (managed=false): return empty list.
Jan  3 22:34:33 adam-VirtualBox NetworkManager[671]:    SCPlugin-Ofono: (24726896) ... get_connections.
Jan  3 22:34:33 adam-VirtualBox NetworkManager[671]:    SCPlugin-Ofono: (24726896) connections count: 0
Jan  3 22:34:33 adam-VirtualBox NetworkManager[671]:    Ifupdown: get unmanaged devices count: 0
Jan  3 22:34:33 adam-VirtualBox NetworkManager[671]: <info> monitoring kernel firmware directory '/lib/firmware'.
Jan  3 22:34:33 adam-VirtualBox NetworkManager[671]: <info> WiFi enabled by radio killswitch; enabled by state file
Jan  3 22:34:33 adam-VirtualBox NetworkManager[671]: <info> WWAN enabled by radio killswitch; enabled by state file
Jan  3 22:34:33 adam-VirtualBox NetworkManager[671]: <info> WiMAX enabled by radio killswitch; enabled by state file
Jan  3 22:34:33 adam-VirtualBox NetworkManager[671]: <info> Networking is enabled by state file
Jan  3 22:34:33 adam-VirtualBox NetworkManager[671]: <warn> failed to allocate link cache: (-12) Object not found
Jan  3 22:34:33 adam-VirtualBox NetworkManager[671]: <info> (eth0): carrier is OFF
Jan  3 22:34:33 adam-VirtualBox NetworkManager[671]: <info> (eth0): new Ethernet device (driver: 'e1000' ifindex: 2)
Jan  3 22:34:33 adam-VirtualBox NetworkManager[671]: <info> (eth0): exported as /org/freedesktop/NetworkManager/Devices/0
Jan  3 22:34:33 adam-VirtualBox NetworkManager[671]: <info> (eth0): device state change: unmanaged -> unavailable (reason 'managed') [10 20 2]
Jan  3 22:34:33 adam-VirtualBox NetworkManager[671]: <info> (eth0): bringing up device.
Jan  3 22:34:33 adam-VirtualBox kernel: [   13.817119] e1000: eth0 NIC Link is Up 1000 Mbps Full Duplex, Flow Control: RX
Jan  3 22:34:33 adam-VirtualBox NetworkManager[671]: <info> (eth0): carrier now ON (device state 20)
Jan  3 22:34:33 adam-VirtualBox NetworkManager[671]: <info> (eth0): preparing device.
Jan  3 22:34:33 adam-VirtualBox NetworkManager[671]: <info> (eth0): deactivating device (reason 'managed') [2]
Jan  3 22:34:33 adam-VirtualBox kernel: [   13.818282] IPv6: ADDRCONF(NETDEV_UP): eth0: link is not ready
Jan  3 22:34:33 adam-VirtualBox kernel: [   13.818289] IPv6: ADDRCONF(NETDEV_CHANGE): eth0: link becomes ready
Jan  3 22:34:33 adam-VirtualBox NetworkManager[671]: <info> Added default wired connection 'Wired connection 1' for /sys/devices/pci0000:00/0000:00:03.0/net/eth0
Jan  3 22:34:33 adam-VirtualBox NetworkManager[671]: <warn> /sys/devices/virtual/net/lo: couldn't determine device driver; ignoring...
Jan  3 22:34:33 adam-VirtualBox NetworkManager[671]: <warn> /sys/devices/virtual/net/lo: couldn't determine device driver; ignoring...
Jan  3 22:34:33 adam-VirtualBox NetworkManager[671]: <info> (eth0): carrier now OFF (device state 20)
Jan  3 22:34:33 adam-VirtualBox NetworkManager[671]: <info> (eth0): carrier now ON (device state 20)
Jan  3 22:34:33 adam-VirtualBox NetworkManager[671]: <info> urfkill disappeared from the bus
Jan  3 22:34:33 adam-VirtualBox NetworkManager[671]: <info> (eth0): device state change: unavailable -> disconnected (reason 'carrier-changed') [20 30 40]
Jan  3 22:34:33 adam-VirtualBox NetworkManager[671]: <info> ModemManager available in the bus
Jan  3 22:34:33 adam-VirtualBox NetworkManager[671]: <info> Auto-activating connection 'Wired connection 1'.
Jan  3 22:34:33 adam-VirtualBox NetworkManager[671]: <info> Activation (eth0) starting connection 'Wired connection 1'
Jan  3 22:34:33 adam-VirtualBox NetworkManager[671]: <info> (eth0): device state change: disconnected -> prepare (reason 'none') [30 40 0]
Jan  3 22:34:33 adam-VirtualBox NetworkManager[671]: <info> NetworkManager state is now CONNECTING
Jan  3 22:34:33 adam-VirtualBox NetworkManager[671]: <info> Activation (eth0) Stage 1 of 5 (Device Prepare) scheduled...
Jan  3 22:34:33 adam-VirtualBox NetworkManager[671]: <info> Activation (eth0) Stage 1 of 5 (Device Prepare) started...
Jan  3 22:34:33 adam-VirtualBox NetworkManager[671]: <info> Activation (eth0) Stage 2 of 5 (Device Configure) scheduled...
Jan  3 22:34:33 adam-VirtualBox NetworkManager[671]: <info> Activation (eth0) Stage 1 of 5 (Device Prepare) complete.
Jan  3 22:34:33 adam-VirtualBox NetworkManager[671]: <info> Activation (eth0) Stage 2 of 5 (Device Configure) starting...
Jan  3 22:34:33 adam-VirtualBox NetworkManager[671]: <info> (eth0): device state change: prepare -> config (reason 'none') [40 50 0]
Jan  3 22:34:33 adam-VirtualBox NetworkManager[671]: <info> Activation (eth0) Stage 2 of 5 (Device Configure) successful.
Jan  3 22:34:33 adam-VirtualBox NetworkManager[671]: <info> Activation (eth0) Stage 3 of 5 (IP Configure Start) scheduled.
Jan  3 22:34:33 adam-VirtualBox NetworkManager[671]: <info> Activation (eth0) Stage 2 of 5 (Device Configure) complete.
Jan  3 22:34:33 adam-VirtualBox NetworkManager[671]: <info> Activation (eth0) Stage 3 of 5 (IP Configure Start) started...
Jan  3 22:34:33 adam-VirtualBox NetworkManager[671]: <info> (eth0): device state change: config -> ip-config (reason 'none') [50 70 0]
Jan  3 22:34:33 adam-VirtualBox NetworkManager[671]: <info> Activation (eth0) Beginning DHCPv4 transaction (timeout in 45 seconds)
Jan  3 22:34:34 adam-VirtualBox NetworkManager[671]: <info> dhclient started with pid 775
Jan  3 22:34:34 adam-VirtualBox NetworkManager[671]: <info> Activation (eth0) Beginning IP6 addrconf.
Jan  3 22:34:34 adam-VirtualBox NetworkManager[671]: <info> Activation (eth0) Stage 3 of 5 (IP Configure Start) complete.
Jan  3 22:34:34 adam-VirtualBox dhclient: Internet Systems Consortium DHCP Client 4.2.4
Jan  3 22:34:34 adam-VirtualBox dhclient: Copyright 2004-2012 Internet Systems Consortium.
Jan  3 22:34:34 adam-VirtualBox dhclient: All rights reserved.
Jan  3 22:34:34 adam-VirtualBox dhclient: For info, please visit https://www.isc.org/software/dhcp/
Jan  3 22:34:34 adam-VirtualBox dhclient: 
Jan  3 22:34:34 adam-VirtualBox dhclient: Listening on LPF/eth0/08:00:27:69:d2:96
Jan  3 22:34:34 adam-VirtualBox NetworkManager[671]: <info> (eth0): DHCPv4 state changed nbi -> preinit
Jan  3 22:34:34 adam-VirtualBox dhclient: Sending on   LPF/eth0/08:00:27:69:d2:96
Jan  3 22:34:34 adam-VirtualBox dhclient: Sending on   Socket/fallback
Jan  3 22:34:34 adam-VirtualBox dhclient: DHCPDISCOVER on eth0 to 255.255.255.255 port 67 interval 3 (xid=0x26a3f814)
Jan  3 22:34:34 adam-VirtualBox dhclient: DHCPREQUEST of 10.0.2.15 on eth0 to 255.255.255.255 port 67 (xid=0x26a3f814)
Jan  3 22:34:34 adam-VirtualBox dhclient: DHCPOFFER of 10.0.2.15 from 10.0.2.2
Jan  3 22:34:34 adam-VirtualBox dhclient: DHCPACK of 10.0.2.15 from 10.0.2.2
Jan  3 22:34:34 adam-VirtualBox dhclient: bound to 10.0.2.15 -- renewal in 40687 seconds.
Jan  3 22:34:34 adam-VirtualBox NetworkManager[671]: <info> (eth0): DHCPv4 state changed preinit -> bound
Jan  3 22:34:34 adam-VirtualBox NetworkManager[671]: <info>   address 10.0.2.15
Jan  3 22:34:34 adam-VirtualBox NetworkManager[671]: <info>   prefix 24 (255.255.255.0)
Jan  3 22:34:34 adam-VirtualBox NetworkManager[671]: <info>   gateway 10.0.2.2
Jan  3 22:34:34 adam-VirtualBox NetworkManager[671]: <info>   nameserver '8.8.8.8'
Jan  3 22:34:34 adam-VirtualBox NetworkManager[671]: <info> Activation (eth0) Stage 5 of 5 (IPv4 Configure Commit) scheduled...
Jan  3 22:34:34 adam-VirtualBox NetworkManager[671]: <info> Activation (eth0) Stage 5 of 5 (IPv4 Commit) started...
Jan  3 22:34:34 adam-VirtualBox avahi-daemon[504]: Joining mDNS multicast group on interface eth0.IPv4 with address 10.0.2.15.
Jan  3 22:34:34 adam-VirtualBox avahi-daemon[504]: New relevant interface eth0.IPv4 for mDNS.
Jan  3 22:34:34 adam-VirtualBox avahi-daemon[504]: Registering new address record for 10.0.2.15 on eth0.IPv4.
Jan  3 22:34:34 adam-VirtualBox ModemManager[551]: <warn>  Couldn't find support for device at '/sys/devices/pci0000:00/0000:00:03.0': not supported by any plugin
Jan  3 22:34:35 adam-VirtualBox NetworkManager[671]: <info> (eth0): device state change: ip-config -> secondaries (reason 'none') [70 90 0]
Jan  3 22:34:35 adam-VirtualBox NetworkManager[671]: <info> Activation (eth0) Stage 5 of 5 (IPv4 Commit) complete.
Jan  3 22:34:35 adam-VirtualBox NetworkManager[671]: <info> (eth0): device state change: secondaries -> activated (reason 'none') [90 100 0]
Jan  3 22:34:35 adam-VirtualBox NetworkManager[671]: <info> NetworkManager state is now CONNECTED_GLOBAL
Jan  3 22:34:35 adam-VirtualBox NetworkManager[671]: <info> Policy set 'Wired connection 1' (eth0) as default for IPv4 routing and DNS.
Jan  3 22:34:35 adam-VirtualBox NetworkManager[671]: <info> DNS: starting dnsmasq...
Jan  3 22:34:35 adam-VirtualBox NetworkManager[671]: <warn> dnsmasq not available on the bus, can't update servers.
Jan  3 22:34:35 adam-VirtualBox NetworkManager[671]: <error> [1420320875.550664] [nm-dns-dnsmasq.c:396] update(): dnsmasq owner not found on bus: Could not get owner of name 'org.freedesktop.NetworkManager.dnsmasq': no such name
Jan  3 22:34:35 adam-VirtualBox NetworkManager[671]: <warn> DNS: plugin dnsmasq update failed
Jan  3 22:34:35 adam-VirtualBox NetworkManager[671]: <info> Writing DNS information to /sbin/resolvconf
Jan  3 22:34:35 adam-VirtualBox dnsmasq[783]: started, version 2.68 cache disabled
Jan  3 22:34:35 adam-VirtualBox dnsmasq[783]: compile time options: IPv6 GNU-getopt DBus i18n IDN DHCP DHCPv6 no-Lua TFTP conntrack ipset auth
Jan  3 22:34:35 adam-VirtualBox dnsmasq[783]: DBus support enabled: connected to system bus
Jan  3 22:34:35 adam-VirtualBox dnsmasq[783]: warning: no upstream servers configured
Jan  3 22:34:36 adam-VirtualBox avahi-daemon[504]: Joining mDNS multicast group on interface eth0.IPv6 with address fe80::a00:27ff:fe69:d296.
Jan  3 22:34:36 adam-VirtualBox avahi-daemon[504]: New relevant interface eth0.IPv6 for mDNS.
Jan  3 22:34:36 adam-VirtualBox avahi-daemon[504]: Registering new address record for fe80::a00:27ff:fe69:d296 on eth0.*.
Jan  3 22:34:36 adam-VirtualBox NetworkManager[671]: <info> Activation (eth0) successful, device activated.
Jan  3 22:34:36 adam-VirtualBox dbus[393]: [system] Activating service name='org.freedesktop.nm_dispatcher' (using servicehelper)
Jan  3 22:34:36 adam-VirtualBox NetworkManager[671]: <warn> dnsmasq appeared on DBus: :1.10
Jan  3 22:34:36 adam-VirtualBox NetworkManager[671]: <info> Writing DNS information to /sbin/resolvconf
Jan  3 22:34:36 adam-VirtualBox dnsmasq[783]: setting upstream servers from DBus
Jan  3 22:34:36 adam-VirtualBox dnsmasq[783]: using nameserver 8.8.8.8#53
Jan  3 22:34:36 adam-VirtualBox dbus[393]: [system] Successfully activated service 'org.freedesktop.nm_dispatcher'
Jan  3 22:34:38 adam-VirtualBox anacron[1018]: Anacron 2.3 started on 2015-01-03
Jan  3 22:34:38 adam-VirtualBox acpid: starting up with netlink and the input layer
Jan  3 22:34:38 adam-VirtualBox anacron[1018]: Will run job `cron.daily' in 5 min.
Jan  3 22:34:38 adam-VirtualBox anacron[1018]: Will run job `cron.weekly' in 10 min.
Jan  3 22:34:38 adam-VirtualBox anacron[1018]: Will run job `cron.monthly' in 15 min.
Jan  3 22:34:38 adam-VirtualBox anacron[1018]: Jobs will be executed sequentially
Jan  3 22:34:38 adam-VirtualBox cron[969]: (CRON) INFO (pidfile fd = 3)
Jan  3 22:34:38 adam-VirtualBox cron[1047]: (CRON) STARTUP (fork ok)
Jan  3 22:34:38 adam-VirtualBox kernel: [   18.767003] audit_printk_skb: 165 callbacks suppressed
Jan  3 22:34:38 adam-VirtualBox kernel: [   18.767006] type=1400 audit(1420320878.709:67): apparmor="STATUS" operation="profile_replace" profile="unconfined" name="/usr/sbin/cups-browsed" pid=1049 comm="apparmor_parser"
Jan  3 22:34:38 adam-VirtualBox /usr/sbin/irqbalance: Balancing is ineffective on systems with a single cache domain.  Shutting down
Jan  3 22:34:39 adam-VirtualBox cron[1047]: (CRON) INFO (Running @reboot jobs)
Jan  3 22:34:39 adam-VirtualBox acpid: 9 rules loaded
Jan  3 22:34:39 adam-VirtualBox acpid: waiting for events: event logging is off
Jan  3 22:34:39 adam-VirtualBox dbus[393]: [system] Activating service name='org.freedesktop.Accounts' (using servicehelper)
Jan  3 22:34:40 adam-VirtualBox accounts-daemon[1083]: started daemon version 0.6.35
Jan  3 22:34:40 adam-VirtualBox dbus[393]: [system] Successfully activated service 'org.freedesktop.Accounts'
Jan  3 22:34:40 adam-VirtualBox whoopsie[1008]: whoopsie 0.2.24.6 starting up.
Jan  3 22:34:40 adam-VirtualBox whoopsie[1008]: Using lock path: /var/lock/whoopsie/lock
Jan  3 22:34:40 adam-VirtualBox whoopsie[1131]: online
Jan  3 22:34:42 adam-VirtualBox ntpdate[912]: step time server 91.189.94.4 offset -0.719356 sec
Jan  3 22:34:43 adam-VirtualBox NetworkManager[671]: <info> WiFi hardware radio set enabled
Jan  3 22:34:53 adam-VirtualBox NetworkManager[671]: <info> (eth0): IP6 addrconf timed out or failed.
Jan  3 22:34:53 adam-VirtualBox NetworkManager[671]: <info> Activation (eth0) Stage 4 of 5 (IPv6 Configure Timeout) scheduled...
Jan  3 22:34:53 adam-VirtualBox NetworkManager[671]: <info> Activation (eth0) Stage 4 of 5 (IPv6 Configure Timeout) started...
Jan  3 22:34:53 adam-VirtualBox NetworkManager[671]: <info> Activation (eth0) Stage 4 of 5 (IPv6 Configure Timeout) complete.
Jan  3 22:34:57 adam-VirtualBox dbus[393]: [system] Activating service name='org.freedesktop.UPower' (using servicehelper)
Jan  3 22:34:57 adam-VirtualBox dbus[393]: [system] Successfully activated service 'org.freedesktop.UPower'
Jan  3 22:34:58 adam-VirtualBox kernel: [   38.780308] type=1400 audit(1420320898.001:68): apparmor="STATUS" operation="profile_replace" profile="unconfined" name="/usr/lib/cups/backend/cups-pdf" pid=1598 comm="apparmor_parser"
Jan  3 22:34:58 adam-VirtualBox kernel: [   38.780308] type=1400 audit(1420320898.001:69): apparmor="STATUS" operation="profile_replace" profile="unconfined" name="/usr/sbin/cupsd" pid=1598 comm="apparmor_parser"
Jan  3 22:34:58 adam-VirtualBox kernel: [   38.780756] type=1400 audit(1420320898.005:70): apparmor="STATUS" operation="profile_replace" profile="unconfined" name="/usr/sbin/cupsd" pid=1598 comm="apparmor_parser"
Jan  3 22:34:59 adam-VirtualBox dbus[393]: [system] Activating service name='org.freedesktop.systemd1' (using servicehelper)
Jan  3 22:34:59 adam-VirtualBox dbus[393]: [system] Successfully activated service 'org.freedesktop.systemd1'
Jan  3 22:34:59 adam-VirtualBox dbus[393]: [system] Activating service name='org.freedesktop.RealtimeKit1' (using servicehelper)
Jan  3 22:34:59 adam-VirtualBox dbus[393]: [system] Successfully activated service 'org.freedesktop.RealtimeKit1'
Jan  3 22:34:59 adam-VirtualBox rtkit-daemon[1700]: Successfully called chroot.
Jan  3 22:34:59 adam-VirtualBox rtkit-daemon[1700]: Successfully dropped privileges.
Jan  3 22:34:59 adam-VirtualBox rtkit-daemon[1700]: Successfully limited resources.
Jan  3 22:34:59 adam-VirtualBox rtkit-daemon[1700]: Running.
Jan  3 22:34:59 adam-VirtualBox rtkit-daemon[1700]: Successfully made thread 1698 of process 1698 (n/a) owned by '1000' high priority at nice level -11.
Jan  3 22:34:59 adam-VirtualBox rtkit-daemon[1700]: Supervising 1 threads of 1 processes of 1 users.
Jan  3 22:34:59 adam-VirtualBox rtkit-daemon[1700]: Watchdog thread running.
Jan  3 22:34:59 adam-VirtualBox rtkit-daemon[1700]: Canary thread running.
Jan  3 22:35:00 adam-VirtualBox dbus[393]: [system] Activating service name='org.freedesktop.ColorManager' (using servicehelper)
Jan  3 22:35:00 adam-VirtualBox colord: Using config file /etc/colord.conf
Jan  3 22:35:00 adam-VirtualBox colord: Using mapping database file /var/lib/colord/mapping.db
Jan  3 22:35:01 adam-VirtualBox colord: Using device database file /var/lib/colord/storage.db
Jan  3 22:35:01 adam-VirtualBox colord: loaded plugin libcd_plugin_camera.so
Jan  3 22:35:01 adam-VirtualBox colord: plugin /usr/lib/x86_64-linux-gnu/colord-plugins/libcd_plugin_sane.so not loaded: plugin refused to load
Jan  3 22:35:01 adam-VirtualBox colord: loaded plugin libcd_plugin_scanner.so
Jan  3 22:35:01 adam-VirtualBox colord: Daemon ready for requests
Jan  3 22:35:01 adam-VirtualBox dbus[393]: [system] Successfully activated service 'org.freedesktop.ColorManager'
Jan  3 22:35:01 adam-VirtualBox colord: Profile added: icc-0720e7cdbc792b77c0740c39f325ef9e
Jan  3 22:35:01 adam-VirtualBox colord: Profile added: icc-a1d13bd5309e0f06ceda6f0d75367823
Jan  3 22:35:01 adam-VirtualBox colord: Profile added: icc-0383c34650771ce95ef93fe916867725
Jan  3 22:35:01 adam-VirtualBox colord: Profile added: icc-d4a7a2bd8ddaacf10e275e3db31d72b8
Jan  3 22:35:01 adam-VirtualBox colord: Profile added: icc-6ad6d63767ce0393245528ada92f1cb2
Jan  3 22:35:01 adam-VirtualBox colord: Profile added: icc-ea421e3a65cfa796e2732ce36086e327
Jan  3 22:35:01 adam-VirtualBox pulseaudio[1698]: [pulseaudio] alsa-util.c: Disabling timer-based scheduling because running inside a VM.
Jan  3 22:35:01 adam-VirtualBox colord: Profile added: icc-6a245ab2d8892e2e56232af93cd48b81
Jan  3 22:35:01 adam-VirtualBox rtkit-daemon[1700]: Successfully made thread 1773 of process 1698 (n/a) owned by '1000' RT at priority 5.
Jan  3 22:35:01 adam-VirtualBox rtkit-daemon[1700]: Supervising 2 threads of 1 processes of 1 users.
Jan  3 22:35:01 adam-VirtualBox rtkit-daemon[1700]: Successfully made thread 1774 of process 1698 (n/a) owned by '1000' RT at priority 5.
Jan  3 22:35:01 adam-VirtualBox rtkit-daemon[1700]: Supervising 3 threads of 1 processes of 1 users.
Jan  3 22:35:01 adam-VirtualBox colord: Profile added: icc-72f5b1cba915b68ea75cc843e270df5a
Jan  3 22:35:01 adam-VirtualBox colord: Profile added: icc-3a34aa6c3d1fb1ef63ff41e04ee00979
Jan  3 22:35:01 adam-VirtualBox colord: Profile added: icc-c227f46f246694ba9971f270cb61a0c1
Jan  3 22:35:01 adam-VirtualBox colord: Profile added: icc-fb0ac62618f016ed9b92ce239258efa8
Jan  3 22:35:01 adam-VirtualBox colord: Profile added: icc-d6490883a866e4059370e1de1d840283
Jan  3 22:35:01 adam-VirtualBox colord: Profile added: icc-523e494bc2f53c53d51d0758b07f4879
Jan  3 22:35:01 adam-VirtualBox colord: Profile added: icc-654b99c87e67edb1c1cfb0dcb7fa9d04
Jan  3 22:35:01 adam-VirtualBox colord: Profile added: icc-526fbc9bdf0d7156c553998d47a3b5fc
Jan  3 22:35:01 adam-VirtualBox colord: Profile added: icc-3bd2261b1125a0fd9ebf827a2d1bed84
Jan  3 22:35:01 adam-VirtualBox colord: Profile added: icc-a10be98be58460669fcdc6946939b7cf
Jan  3 22:35:01 adam-VirtualBox colord: Profile added: icc-353a6bcabda00f04b6988f89126ce6f5
Jan  3 22:35:01 adam-VirtualBox colord: Profile added: icc-2f1f11ecd613fe5551420fcaf5b11ff8
Jan  3 22:35:01 adam-VirtualBox rtkit-daemon[1700]: Successfully made thread 1776 of process 1776 (n/a) owned by '1000' high priority at nice level -11.
Jan  3 22:35:01 adam-VirtualBox rtkit-daemon[1700]: Supervising 4 threads of 2 processes of 1 users.
Jan  3 22:35:01 adam-VirtualBox pulseaudio[1776]: [pulseaudio] pid.c: Daemon already running.
Jan  3 22:35:01 adam-VirtualBox rtkit-daemon[1700]: Successfully made thread 1778 of process 1778 (n/a) owned by '1000' high priority at nice level -11.
Jan  3 22:35:01 adam-VirtualBox rtkit-daemon[1700]: Supervising 5 threads of 3 processes of 1 users.
Jan  3 22:35:01 adam-VirtualBox pulseaudio[1778]: [pulseaudio] pid.c: Daemon already running.
Jan  3 22:35:01 adam-VirtualBox colord: Profile added: icc-57f0d896250f6f98f77ca1b0d19019c0
Jan  3 22:35:01 adam-VirtualBox colord: Profile added: icc-b0701c2ccf059287d0b067464df8bda9
Jan  3 22:35:01 adam-VirtualBox colord: Profile added: icc-df7c0067b1eb9bcc9fc9b33bc3a797eb
Jan  3 22:35:01 adam-VirtualBox colord: Profile added: icc-f64a1f19ce07290b35a752b00217b684
Jan  3 22:35:01 adam-VirtualBox colord: Profile added: icc-c3e6382fa9b2d31b01b736f6f97aac3a
Jan  3 22:35:01 adam-VirtualBox dbus[393]: [system] Activating service name='org.freedesktop.locale1' (using servicehelper)
Jan  3 22:35:01 adam-VirtualBox colord: Device added: xrandr-default
Jan  3 22:35:01 adam-VirtualBox pulseaudio[1698]: [pulseaudio] alsa-util.c: Disabling timer-based scheduling because running inside a VM.
Jan  3 22:35:01 adam-VirtualBox pulseaudio[1698]: [alsa-sink-Intel ICH] alsa-sink.c: ALSA woke us up to write new data to the device, but there was actually nothing to write!
Jan  3 22:35:01 adam-VirtualBox pulseaudio[1698]: [alsa-sink-Intel ICH] alsa-sink.c: Most likely this is a bug in the ALSA driver 'snd_intel8x0'. Please report this issue to the ALSA developers.
Jan  3 22:35:01 adam-VirtualBox pulseaudio[1698]: [alsa-sink-Intel ICH] alsa-sink.c: We were woken up with POLLOUT set -- however a subsequent snd_pcm_avail() returned 0 or another value < min_avail.
Jan  3 22:35:01 adam-VirtualBox dbus[393]: [system] Successfully activated service 'org.freedesktop.locale1'
Jan  3 22:35:04 adam-VirtualBox dbus[393]: [system] Activating service name='org.freedesktop.UDisks2' (using servicehelper)
Jan  3 22:35:04 adam-VirtualBox udisksd[2145]: udisks daemon version 2.1.3 starting
Jan  3 22:35:04 adam-VirtualBox dbus[393]: [system] Successfully activated service 'org.freedesktop.UDisks2'
Jan  3 22:35:04 adam-VirtualBox udisksd[2145]: Acquired the name org.freedesktop.UDisks2 on the system message bus
Jan  3 22:37:05 adam-VirtualBox colord: device removed: xrandr-default
Jan  3 22:37:05 adam-VirtualBox dbus[393]: [system] Activating service name='org.freedesktop.systemd1' (using servicehelper)
Jan  3 22:37:05 adam-VirtualBox dbus[393]: [system] Successfully activated service 'org.freedesktop.systemd1'
Jan  3 22:37:05 adam-VirtualBox rsyslogd: [origin software="rsyslogd" swVersion="7.4.4" x-pid="395" x-info="http://www.rsyslog.com"] exiting on signal 15.
Jan  3 22:37:26 adam-VirtualBox rsyslogd: [origin software="rsyslogd" swVersion="7.4.4" x-pid="600" x-info="http://www.rsyslog.com"] start
Jan  3 22:37:26 adam-VirtualBox rsyslogd: rsyslogd's groupid changed to 104
Jan  3 22:37:26 adam-VirtualBox rsyslogd: rsyslogd's userid changed to 101
Jan  3 22:37:26 adam-VirtualBox kernel: [    0.000000] Initializing cgroup subsys cpuset
Jan  3 22:37:26 adam-VirtualBox kernel: [    0.000000] Initializing cgroup subsys cpu
Jan  3 22:37:26 adam-VirtualBox kernel: [    0.000000] Initializing cgroup subsys cpuacct
Jan  3 22:37:26 adam-VirtualBox kernel: [    0.000000] Linux version 3.13.0-32-generic (buildd@kissel) (gcc version 4.8.2 (Ubuntu 4.8.2-19ubuntu1) ) #57-Ubuntu SMP Tue Jul 15 03:51:08 UTC 2014 (Ubuntu 3.13.0-32.57-generic 3.13.11.4)
Jan  3 22:37:26 adam-VirtualBox kernel: [    0.000000] Command line: BOOT_IMAGE=/boot/vmlinuz-3.13.0-32-generic root=UUID=103a1615-3bbe-46ff-b0d8-d954fd0f9663 ro quiet splash vt.handoff=7
Jan  3 22:37:26 adam-VirtualBox kernel: [    0.000000] KERNEL supported cpus:
Jan  3 22:37:26 adam-VirtualBox kernel: [    0.000000]   Intel GenuineIntel
Jan  3 22:37:26 adam-VirtualBox kernel: [    0.000000]   AMD AuthenticAMD
Jan  3 22:37:26 adam-VirtualBox kernel: [    0.000000]   Centaur CentaurHauls
Jan  3 22:37:26 adam-VirtualBox kernel: [    0.000000] e820: BIOS-provided physical RAM map:
Jan  3 22:37:26 adam-VirtualBox kernel: [    0.000000] BIOS-e820: [mem 0x0000000000000000-0x000000000009fbff] usable
Jan  3 22:37:26 adam-VirtualBox kernel: [    0.000000] BIOS-e820: [mem 0x000000000009fc00-0x000000000009ffff] reserved
Jan  3 22:37:26 adam-VirtualBox kernel: [    0.000000] BIOS-e820: [mem 0x00000000000f0000-0x00000000000fffff] reserved
Jan  3 22:37:26 adam-VirtualBox kernel: [    0.000000] BIOS-e820: [mem 0x0000000000100000-0x000000007ffeffff] usable
Jan  3 22:37:26 adam-VirtualBox kernel: [    0.000000] BIOS-e820: [mem 0x000000007fff0000-0x000000007fffffff] ACPI data
Jan  3 22:37:26 adam-VirtualBox kernel: [    0.000000] BIOS-e820: [mem 0x00000000fffc0000-0x00000000ffffffff] reserved
Jan  3 22:37:26 adam-VirtualBox kernel: [    0.000000] NX (Execute Disable) protection: active
Jan  3 22:37:26 adam-VirtualBox kernel: [    0.000000] SMBIOS 2.5 present.
Jan  3 22:37:26 adam-VirtualBox kernel: [    0.000000] DMI: innotek GmbH VirtualBox/VirtualBox, BIOS VirtualBox 12/01/2006
Jan  3 22:37:26 adam-VirtualBox kernel: [    0.000000] e820: update [mem 0x00000000-0x00000fff] usable ==> reserved
Jan  3 22:37:26 adam-VirtualBox kernel: [    0.000000] e820: remove [mem 0x000a0000-0x000fffff] usable
Jan  3 22:37:26 adam-VirtualBox kernel: [    0.000000] No AGP bridge found
Jan  3 22:37:26 adam-VirtualBox kernel: [    0.000000] e820: last_pfn = 0x7fff0 max_arch_pfn = 0x400000000
Jan  3 22:37:26 adam-VirtualBox kernel: [    0.000000] MTRR default type: uncachable
Jan  3 22:37:26 adam-VirtualBox kernel: [    0.000000] MTRR variable ranges disabled:
Jan  3 22:37:26 adam-VirtualBox kernel: [    0.000000] x86 PAT enabled: cpu 0, old 0x7040600070406, new 0x7010600070106
Jan  3 22:37:26 adam-VirtualBox kernel: [    0.000000] CPU MTRRs all blank - virtualized system.
Jan  3 22:37:26 adam-VirtualBox kernel: [    0.000000] found SMP MP-table at [mem 0x0009fff0-0x0009ffff] mapped at [ffff88000009fff0]
Jan  3 22:37:26 adam-VirtualBox kernel: [    0.000000] Scanning 1 areas for low memory corruption
Jan  3 22:37:26 adam-VirtualBox kernel: [    0.000000] Base memory trampoline at [ffff880000099000] 99000 size 24576
Jan  3 22:37:26 adam-VirtualBox kernel: [    0.000000] init_memory_mapping: [mem 0x00000000-0x000fffff]
Jan  3 22:37:26 adam-VirtualBox kernel: [    0.000000]  [mem 0x00000000-0x000fffff] page 4k
Jan  3 22:37:26 adam-VirtualBox kernel: [    0.000000] BRK [0x01fdf000, 0x01fdffff] PGTABLE
Jan  3 22:37:26 adam-VirtualBox kernel: [    0.000000] BRK [0x01fe0000, 0x01fe0fff] PGTABLE
Jan  3 22:37:26 adam-VirtualBox kernel: [    0.000000] BRK [0x01fe1000, 0x01fe1fff] PGTABLE
Jan  3 22:37:26 adam-VirtualBox kernel: [    0.000000] init_memory_mapping: [mem 0x7fc00000-0x7fdfffff]
Jan  3 22:37:26 adam-VirtualBox kernel: [    0.000000]  [mem 0x7fc00000-0x7fdfffff] page 2M
Jan  3 22:37:26 adam-VirtualBox kernel: [    0.000000] BRK [0x01fe2000, 0x01fe2fff] PGTABLE
Jan  3 22:37:26 adam-VirtualBox kernel: [    0.000000] init_memory_mapping: [mem 0x7c000000-0x7fbfffff]
Jan  3 22:37:26 adam-VirtualBox kernel: [    0.000000]  [mem 0x7c000000-0x7fbfffff] page 2M
Jan  3 22:37:26 adam-VirtualBox kernel: [    0.000000] init_memory_mapping: [mem 0x00100000-0x7bffffff]
Jan  3 22:37:26 adam-VirtualBox kernel: [    0.000000]  [mem 0x00100000-0x001fffff] page 4k
Jan  3 22:37:26 adam-VirtualBox kernel: [    0.000000]  [mem 0x00200000-0x7bffffff] page 2M
Jan  3 22:37:26 adam-VirtualBox kernel: [    0.000000] init_memory_mapping: [mem 0x7fe00000-0x7ffeffff]
Jan  3 22:37:26 adam-VirtualBox kernel: [    0.000000]  [mem 0x7fe00000-0x7ffeffff] page 4k
Jan  3 22:37:26 adam-VirtualBox kernel: [    0.000000] BRK [0x01fe3000, 0x01fe3fff] PGTABLE
Jan  3 22:37:26 adam-VirtualBox kernel: [    0.000000] RAMDISK: [mem 0x35b66000-0x36daafff]
Jan  3 22:37:26 adam-VirtualBox kernel: [    0.000000] ACPI: RSDP 00000000000e0000 000024 (v02 VBOX  )
Jan  3 22:37:26 adam-VirtualBox kernel: [    0.000000] ACPI: XSDT 000000007fff0030 00003C (v01 VBOX   VBOXXSDT 00000001 ASL  00000061)
Jan  3 22:37:26 adam-VirtualBox kernel: [    0.000000] ACPI: FACP 000000007fff00f0 0000F4 (v04 VBOX   VBOXFACP 00000001 ASL  00000061)
Jan  3 22:37:26 adam-VirtualBox kernel: [    0.000000] ACPI: DSDT 000000007fff0470 001B96 (v01 VBOX   VBOXBIOS 00000002 INTL 20100528)
Jan  3 22:37:26 adam-VirtualBox kernel: [    0.000000] ACPI: FACS 000000007fff0200 000040
Jan  3 22:37:26 adam-VirtualBox kernel: [    0.000000] ACPI: APIC 000000007fff0240 000054 (v02 VBOX   VBOXAPIC 00000001 ASL  00000061)
Jan  3 22:37:26 adam-VirtualBox kernel: [    0.000000] ACPI: SSDT 000000007fff02a0 0001CC (v01 VBOX   VBOXCPUT 00000002 INTL 20100528)
Jan  3 22:37:26 adam-VirtualBox kernel: [    0.000000] ACPI: Local APIC address 0xfee00000
Jan  3 22:37:26 adam-VirtualBox kernel: [    0.000000] No NUMA configuration found
Jan  3 22:37:26 adam-VirtualBox kernel: [    0.000000] Faking a node at [mem 0x0000000000000000-0x000000007ffeffff]
Jan  3 22:37:26 adam-VirtualBox kernel: [    0.000000] Initmem setup node 0 [mem 0x00000000-0x7ffeffff]
Jan  3 22:37:26 adam-VirtualBox kernel: [    0.000000]   NODE_DATA [mem 0x7ffeb000-0x7ffeffff]
Jan  3 22:37:26 adam-VirtualBox kernel: [    0.000000]  [ffffea0000000000-ffffea0001ffffff] PMD -> [ffff88007d600000-ffff88007f5fffff] on node 0
Jan  3 22:37:26 adam-VirtualBox kernel: [    0.000000] Zone ranges:
Jan  3 22:37:26 adam-VirtualBox kernel: [    0.000000]   DMA      [mem 0x00001000-0x00ffffff]
Jan  3 22:37:26 adam-VirtualBox kernel: [    0.000000]   DMA32    [mem 0x01000000-0xffffffff]
Jan  3 22:37:26 adam-VirtualBox kernel: [    0.000000]   Normal   empty
Jan  3 22:37:26 adam-VirtualBox kernel: [    0.000000] Movable zone start for each node
Jan  3 22:37:26 adam-VirtualBox kernel: [    0.000000] Early memory node ranges
Jan  3 22:37:26 adam-VirtualBox kernel: [    0.000000]   node   0: [mem 0x00001000-0x0009efff]
Jan  3 22:37:26 adam-VirtualBox kernel: [    0.000000]   node   0: [mem 0x00100000-0x7ffeffff]
Jan  3 22:37:26 adam-VirtualBox kernel: [    0.000000] On node 0 totalpages: 524174
Jan  3 22:37:26 adam-VirtualBox kernel: [    0.000000]   DMA zone: 64 pages used for memmap
Jan  3 22:37:26 adam-VirtualBox kernel: [    0.000000]   DMA zone: 21 pages reserved
Jan  3 22:37:26 adam-VirtualBox kernel: [    0.000000]   DMA zone: 3998 pages, LIFO batch:0
Jan  3 22:37:26 adam-VirtualBox kernel: [    0.000000]   DMA32 zone: 8128 pages used for memmap
Jan  3 22:37:26 adam-VirtualBox kernel: [    0.000000]   DMA32 zone: 520176 pages, LIFO batch:31
Jan  3 22:37:26 adam-VirtualBox kernel: [    0.000000] ACPI: PM-Timer IO Port: 0x4008
Jan  3 22:37:26 adam-VirtualBox kernel: [    0.000000] ACPI: Local APIC address 0xfee00000
Jan  3 22:37:26 adam-VirtualBox kernel: [    0.000000] ACPI: LAPIC (acpi_id[0x00] lapic_id[0x00] enabled)
Jan  3 22:37:26 adam-VirtualBox kernel: [    0.000000] ACPI: IOAPIC (id[0x01] address[0xfec00000] gsi_base[0])
Jan  3 22:37:26 adam-VirtualBox kernel: [    0.000000] IOAPIC[0]: apic_id 1, version 17, address 0xfec00000, GSI 0-23
Jan  3 22:37:26 adam-VirtualBox kernel: [    0.000000] ACPI: INT_SRC_OVR (bus 0 bus_irq 0 global_irq 2 dfl dfl)
Jan  3 22:37:26 adam-VirtualBox kernel: [    0.000000] ACPI: INT_SRC_OVR (bus 0 bus_irq 9 global_irq 9 high level)
Jan  3 22:37:26 adam-VirtualBox kernel: [    0.000000] ACPI: IRQ0 used by override.
Jan  3 22:37:26 adam-VirtualBox kernel: [    0.000000] ACPI: IRQ2 used by override.
Jan  3 22:37:26 adam-VirtualBox kernel: [    0.000000] ACPI: IRQ9 used by override.
Jan  3 22:37:26 adam-VirtualBox kernel: [    0.000000] Using ACPI (MADT) for SMP configuration information
Jan  3 22:37:26 adam-VirtualBox kernel: [    0.000000] smpboot: Allowing 1 CPUs, 0 hotplug CPUs
Jan  3 22:37:26 adam-VirtualBox kernel: [    0.000000] nr_irqs_gsi: 40
Jan  3 22:37:26 adam-VirtualBox kernel: [    0.000000] PM: Registered nosave memory: [mem 0x0009f000-0x0009ffff]
Jan  3 22:37:26 adam-VirtualBox kernel: [    0.000000] PM: Registered nosave memory: [mem 0x000a0000-0x000effff]
Jan  3 22:37:26 adam-VirtualBox kernel: [    0.000000] PM: Registered nosave memory: [mem 0x000f0000-0x000fffff]
Jan  3 22:37:26 adam-VirtualBox kernel: [    0.000000] e820: [mem 0x80000000-0xfffbffff] available for PCI devices
Jan  3 22:37:26 adam-VirtualBox kernel: [    0.000000] Booting paravirtualized kernel on bare hardware
Jan  3 22:37:26 adam-VirtualBox kernel: [    0.000000] setup_percpu: NR_CPUS:256 nr_cpumask_bits:256 nr_cpu_ids:1 nr_node_ids:1
Jan  3 22:37:26 adam-VirtualBox kernel: [    0.000000] PERCPU: Embedded 29 pages/cpu @ffff88007fc00000 s86336 r8192 d24256 u2097152
Jan  3 22:37:26 adam-VirtualBox kernel: [    0.000000] pcpu-alloc: s86336 r8192 d24256 u2097152 alloc=1*2097152
Jan  3 22:37:26 adam-VirtualBox kernel: [    0.000000] pcpu-alloc: [0] 0 
Jan  3 22:37:26 adam-VirtualBox kernel: [    0.000000] Built 1 zonelists in Node order, mobility grouping on.  Total pages: 515961
Jan  3 22:37:26 adam-VirtualBox kernel: [    0.000000] Policy zone: DMA32
Jan  3 22:37:26 adam-VirtualBox kernel: [    0.000000] Kernel command line: BOOT_IMAGE=/boot/vmlinuz-3.13.0-32-generic root=UUID=103a1615-3bbe-46ff-b0d8-d954fd0f9663 ro quiet splash vt.handoff=7
Jan  3 22:37:26 adam-VirtualBox kernel: [    0.000000] PID hash table entries: 4096 (order: 3, 32768 bytes)
Jan  3 22:37:26 adam-VirtualBox kernel: [    0.000000] Checking aperture...
Jan  3 22:37:26 adam-VirtualBox kernel: [    0.000000] No AGP bridge found
Jan  3 22:37:26 adam-VirtualBox kernel: [    0.000000] Calgary: detecting Calgary via BIOS EBDA area
Jan  3 22:37:26 adam-VirtualBox kernel: [    0.000000] Calgary: Unable to locate Rio Grande table in EBDA - bailing!
Jan  3 22:37:26 adam-VirtualBox kernel: [    0.000000] Memory: 2028472K/2096696K available (7363K kernel code, 1142K rwdata, 3400K rodata, 1336K init, 1440K bss, 68224K reserved)
Jan  3 22:37:26 adam-VirtualBox kernel: [    0.000000] SLUB: HWalign=64, Order=0-3, MinObjects=0, CPUs=1, Nodes=1
Jan  3 22:37:26 adam-VirtualBox kernel: [    0.000000] Hierarchical RCU implementation.
Jan  3 22:37:26 adam-VirtualBox kernel: [    0.000000] 	RCU dyntick-idle grace-period acceleration is enabled.
Jan  3 22:37:26 adam-VirtualBox kernel: [    0.000000] 	RCU restricting CPUs from NR_CPUS=256 to nr_cpu_ids=1.
Jan  3 22:37:26 adam-VirtualBox kernel: [    0.000000] 	Offload RCU callbacks from all CPUs
Jan  3 22:37:26 adam-VirtualBox kernel: [    0.000000] 	Offload RCU callbacks from CPUs: 0.
Jan  3 22:37:26 adam-VirtualBox kernel: [    0.000000] NR_IRQS:16640 nr_irqs:256 16
Jan  3 22:37:26 adam-VirtualBox kernel: [    0.000000] Console: colour dummy device 80x25
Jan  3 22:37:26 adam-VirtualBox kernel: [    0.000000] console [tty0] enabled
Jan  3 22:37:26 adam-VirtualBox kernel: [    0.000000] allocated 8388608 bytes of page_cgroup
Jan  3 22:37:26 adam-VirtualBox kernel: [    0.000000] please try 'cgroup_disable=memory' option if you don't want memory cgroups
Jan  3 22:37:26 adam-VirtualBox kernel: [    0.000000] tsc: Fast TSC calibration failed
Jan  3 22:37:26 adam-VirtualBox kernel: [    0.000000] tsc: PIT calibration matches PMTIMER. 1 loops
Jan  3 22:37:26 adam-VirtualBox kernel: [    0.000000] tsc: Detected 2323.495 MHz processor
Jan  3 22:37:26 adam-VirtualBox kernel: [    0.004001] Calibrating delay loop (skipped), value calculated using timer frequency.. 4646.99 BogoMIPS (lpj=9293980)
Jan  3 22:37:26 adam-VirtualBox kernel: [    0.004003] pid_max: default: 32768 minimum: 301
Jan  3 22:37:26 adam-VirtualBox kernel: [    0.004021] Security Framework initialized
Jan  3 22:37:26 adam-VirtualBox kernel: [    0.004033] AppArmor: AppArmor initialized
Jan  3 22:37:26 adam-VirtualBox kernel: [    0.004033] Yama: becoming mindful.
Jan  3 22:37:26 adam-VirtualBox kernel: [    0.004169] Dentry cache hash table entries: 262144 (order: 9, 2097152 bytes)
Jan  3 22:37:26 adam-VirtualBox kernel: [    0.004566] Inode-cache hash table entries: 131072 (order: 8, 1048576 bytes)
Jan  3 22:37:26 adam-VirtualBox kernel: [    0.008066] Mount-cache hash table entries: 4096 (order: 3, 32768 bytes)
Jan  3 22:37:26 adam-VirtualBox kernel: [    0.008069] Mountpoint-cache hash table entries: 4096 (order: 3, 32768 bytes)
Jan  3 22:37:26 adam-VirtualBox kernel: [    0.008190] Initializing cgroup subsys memory
Jan  3 22:37:26 adam-VirtualBox kernel: [    0.008194] Initializing cgroup subsys devices
Jan  3 22:37:26 adam-VirtualBox kernel: [    0.008195] Initializing cgroup subsys freezer
Jan  3 22:37:26 adam-VirtualBox kernel: [    0.008196] Initializing cgroup subsys blkio
Jan  3 22:37:26 adam-VirtualBox kernel: [    0.008197] Initializing cgroup subsys perf_event
Jan  3 22:37:26 adam-VirtualBox kernel: [    0.008199] Initializing cgroup subsys hugetlb
Jan  3 22:37:26 adam-VirtualBox kernel: [    0.008300] mce: CPU supports 0 MCE banks
Jan  3 22:37:26 adam-VirtualBox kernel: [    0.008330] Last level iTLB entries: 4KB 512, 2MB 0, 4MB 0
Jan  3 22:37:26 adam-VirtualBox kernel: [    0.008330] Last level dTLB entries: 4KB 512, 2MB 32, 4MB 32
Jan  3 22:37:26 adam-VirtualBox kernel: [    0.008330] tlb_flushall_shift: 2
Jan  3 22:37:26 adam-VirtualBox kernel: [    0.033337] Freeing SMP alternatives memory: 32K (ffffffff81e6d000 - ffffffff81e75000)
Jan  3 22:37:26 adam-VirtualBox kernel: [    0.042664] ACPI: Core revision 20131115
Jan  3 22:37:26 adam-VirtualBox kernel: [    0.043259] ACPI: All ACPI Tables successfully acquired
Jan  3 22:37:26 adam-VirtualBox kernel: [    0.043262] ftrace: allocating 28495 entries in 112 pages
Jan  3 22:37:26 adam-VirtualBox kernel: [    0.056397] ..TIMER: vector=0x30 apic1=0 pin1=2 apic2=-1 pin2=-1
Jan  3 22:37:26 adam-VirtualBox kernel: [    0.097482] smpboot: CPU0: Intel(R) Core(TM) i7-3630QM CPU @ 2.40GHz (fam: 06, model: 3a, stepping: 09)
Jan  3 22:37:26 adam-VirtualBox kernel: [    0.100000] Performance Events: unsupported p6 CPU model 58 no PMU driver, software events only.
Jan  3 22:37:26 adam-VirtualBox kernel: [    0.100000] x86: Booted up 1 node, 1 CPUs
Jan  3 22:37:26 adam-VirtualBox kernel: [    0.100000] smpboot: Total of 1 processors activated (4646.99 BogoMIPS)
Jan  3 22:37:26 adam-VirtualBox kernel: [    0.100000] NMI watchdog: disabled (cpu0): hardware events not enabled
Jan  3 22:37:26 adam-VirtualBox kernel: [    0.100000] devtmpfs: initialized
Jan  3 22:37:26 adam-VirtualBox kernel: [    0.100000] EVM: security.selinux
Jan  3 22:37:26 adam-VirtualBox kernel: [    0.100000] EVM: security.SMACK64
Jan  3 22:37:26 adam-VirtualBox kernel: [    0.100000] EVM: security.ima
Jan  3 22:37:26 adam-VirtualBox kernel: [    0.100000] EVM: security.capability
Jan  3 22:37:26 adam-VirtualBox kernel: [    0.100099] pinctrl core: initialized pinctrl subsystem
Jan  3 22:37:26 adam-VirtualBox kernel: [    0.100140] regulator-dummy: no parameters
Jan  3 22:37:26 adam-VirtualBox kernel: [    0.100190] RTC time: 21:37:13, date: 01/03/15
Jan  3 22:37:26 adam-VirtualBox kernel: [    0.100214] NET: Registered protocol family 16
Jan  3 22:37:26 adam-VirtualBox kernel: [    0.100302] cpuidle: using governor ladder
Jan  3 22:37:26 adam-VirtualBox kernel: [    0.100303] cpuidle: using governor menu
Jan  3 22:37:26 adam-VirtualBox kernel: [    0.100328] ACPI: bus type PCI registered
Jan  3 22:37:26 adam-VirtualBox kernel: [    0.100330] acpiphp: ACPI Hot Plug PCI Controller Driver version: 0.5
Jan  3 22:37:26 adam-VirtualBox kernel: [    0.100420] PCI: Using configuration type 1 for base access
Jan  3 22:37:26 adam-VirtualBox kernel: [    0.101023] bio: create slab <bio-0> at 0
Jan  3 22:37:26 adam-VirtualBox kernel: [    0.101101] ACPI: Added _OSI(Module Device)
Jan  3 22:37:26 adam-VirtualBox kernel: [    0.101102] ACPI: Added _OSI(Processor Device)
Jan  3 22:37:26 adam-VirtualBox kernel: [    0.101103] ACPI: Added _OSI(3.0 _SCP Extensions)
Jan  3 22:37:26 adam-VirtualBox kernel: [    0.101104] ACPI: Added _OSI(Processor Aggregator Device)
Jan  3 22:37:26 adam-VirtualBox kernel: [    0.101593] ACPI: Executed 1 blocks of module-level executable AML code
Jan  3 22:37:26 adam-VirtualBox kernel: [    0.103393] ACPI: Interpreter enabled
Jan  3 22:37:26 adam-VirtualBox kernel: [    0.103397] ACPI Exception: AE_NOT_FOUND, While evaluating Sleep State [\_S1_] (20131115/hwxface-580)
Jan  3 22:37:26 adam-VirtualBox kernel: [    0.103399] ACPI Exception: AE_NOT_FOUND, While evaluating Sleep State [\_S2_] (20131115/hwxface-580)
Jan  3 22:37:26 adam-VirtualBox kernel: [    0.103401] ACPI Exception: AE_NOT_FOUND, While evaluating Sleep State [\_S3_] (20131115/hwxface-580)
Jan  3 22:37:26 adam-VirtualBox kernel: [    0.103403] ACPI Exception: AE_NOT_FOUND, While evaluating Sleep State [\_S4_] (20131115/hwxface-580)
Jan  3 22:37:26 adam-VirtualBox kernel: [    0.103407] ACPI: (supports S0 S5)
Jan  3 22:37:26 adam-VirtualBox kernel: [    0.103408] ACPI: Using IOAPIC for interrupt routing
Jan  3 22:37:26 adam-VirtualBox kernel: [    0.103548] PCI: Ignoring host bridge windows from ACPI; if necessary, use "pci=use_crs" and report a bug
Jan  3 22:37:26 adam-VirtualBox kernel: [    0.103580] ACPI: No dock devices found.
Jan  3 22:37:26 adam-VirtualBox kernel: [    0.105739] ACPI: PCI Root Bridge [PCI0] (domain 0000 [bus 00-ff])
Jan  3 22:37:26 adam-VirtualBox kernel: [    0.105743] acpi PNP0A03:00: _OSC: OS supports [ASPM ClockPM Segments MSI]
Jan  3 22:37:26 adam-VirtualBox kernel: [    0.105746] acpi PNP0A03:00: _OSC failed (AE_NOT_FOUND); disabling ASPM
Jan  3 22:37:26 adam-VirtualBox kernel: [    0.105816] acpi PNP0A03:00: host bridge window [io  0x0000-0x0cf7] (ignored)
Jan  3 22:37:26 adam-VirtualBox kernel: [    0.105817] acpi PNP0A03:00: host bridge window [io  0x0d00-0xffff] (ignored)
Jan  3 22:37:26 adam-VirtualBox kernel: [    0.105819] acpi PNP0A03:00: host bridge window [mem 0x000a0000-0x000bffff] (ignored)
Jan  3 22:37:26 adam-VirtualBox kernel: [    0.105820] acpi PNP0A03:00: host bridge window [mem 0x80000000-0xffdfffff] (ignored)
Jan  3 22:37:26 adam-VirtualBox kernel: [    0.105821] PCI: root bus 00: using default resources
Jan  3 22:37:26 adam-VirtualBox kernel: [    0.105823] acpi PNP0A03:00: fail to add MMCONFIG information, can't access extended PCI configuration space under this bridge.
Jan  3 22:37:26 adam-VirtualBox kernel: [    0.106012] PCI host bridge to bus 0000:00
Jan  3 22:37:26 adam-VirtualBox kernel: [    0.106015] pci_bus 0000:00: root bus resource [bus 00-ff]
Jan  3 22:37:26 adam-VirtualBox kernel: [    0.106016] pci_bus 0000:00: root bus resource [io  0x0000-0xffff]
Jan  3 22:37:26 adam-VirtualBox kernel: [    0.106018] pci_bus 0000:00: root bus resource [mem 0x00000000-0xfffffffff]
Jan  3 22:37:26 adam-VirtualBox kernel: [    0.106063] pci 0000:00:00.0: [8086:1237] type 00 class 0x060000
Jan  3 22:37:26 adam-VirtualBox kernel: [    0.106627] pci 0000:00:01.0: [8086:7000] type 00 class 0x060100
Jan  3 22:37:26 adam-VirtualBox kernel: [    0.107355] pci 0000:00:01.1: [8086:7111] type 00 class 0x01018a
Jan  3 22:37:26 adam-VirtualBox kernel: [    0.107801] pci 0000:00:01.1: reg 0x20: [io  0xd000-0xd00f]
Jan  3 22:37:26 adam-VirtualBox kernel: [    0.108223] pci 0000:00:02.0: [80ee:beef] type 00 class 0x030000
Jan  3 22:37:26 adam-VirtualBox kernel: [    0.109485] pci 0000:00:02.0: reg 0x10: [mem 0xe0000000-0xe0ffffff pref]
Jan  3 22:37:26 adam-VirtualBox kernel: [    0.116613] pci 0000:00:03.0: [8086:100e] type 00 class 0x020000
Jan  3 22:37:26 adam-VirtualBox kernel: [    0.117653] pci 0000:00:03.0: reg 0x10: [mem 0xf0000000-0xf001ffff]
Jan  3 22:37:26 adam-VirtualBox kernel: [    0.119477] pci 0000:00:03.0: reg 0x18: [io  0xd010-0xd017]
Jan  3 22:37:26 adam-VirtualBox kernel: [    0.123157] pci 0000:00:04.0: [80ee:cafe] type 00 class 0x088000
Jan  3 22:37:26 adam-VirtualBox kernel: [    0.124099] pci 0000:00:04.0: reg 0x10: [io  0xd020-0xd03f]
Jan  3 22:37:26 adam-VirtualBox kernel: [    0.124864] pci 0000:00:04.0: reg 0x14: [mem 0xf0400000-0xf07fffff]
Jan  3 22:37:26 adam-VirtualBox kernel: [    0.125864] pci 0000:00:04.0: reg 0x18: [mem 0xf0800000-0xf0803fff pref]
Jan  3 22:37:26 adam-VirtualBox kernel: [    0.129791] pci 0000:00:05.0: [8086:2415] type 00 class 0x040100
Jan  3 22:37:26 adam-VirtualBox kernel: [    0.129947] pci 0000:00:05.0: reg 0x10: [io  0xd100-0xd1ff]
Jan  3 22:37:26 adam-VirtualBox kernel: [    0.130059] pci 0000:00:05.0: reg 0x14: [io  0xd200-0xd23f]
Jan  3 22:37:26 adam-VirtualBox kernel: [    0.130895] pci 0000:00:06.0: [106b:003f] type 00 class 0x0c0310
Jan  3 22:37:26 adam-VirtualBox kernel: [    0.132132] pci 0000:00:06.0: reg 0x10: [mem 0xf0804000-0xf0804fff]
Jan  3 22:37:26 adam-VirtualBox kernel: [    0.138383] pci 0000:00:07.0: [8086:7113] type 00 class 0x068000
Jan  3 22:37:26 adam-VirtualBox kernel: [    0.139551] pci 0000:00:0b.0: [8086:265c] type 00 class 0x0c0320
Jan  3 22:37:26 adam-VirtualBox kernel: [    0.140427] pci 0000:00:0b.0: reg 0x10: [mem 0xf0805000-0xf0805fff]
Jan  3 22:37:26 adam-VirtualBox kernel: [    0.147547] pci 0000:00:0d.0: [8086:2829] type 00 class 0x010601
Jan  3 22:37:26 adam-VirtualBox kernel: [    0.148110] pci 0000:00:0d.0: reg 0x10: [io  0xd240-0xd247]
Jan  3 22:37:26 adam-VirtualBox kernel: [    0.149663] pci 0000:00:0d.0: reg 0x18: [io  0xd250-0xd257]
Jan  3 22:37:26 adam-VirtualBox kernel: [    0.150959] pci 0000:00:0d.0: reg 0x20: [io  0xd260-0xd26f]
Jan  3 22:37:26 adam-VirtualBox kernel: [    0.151771] pci 0000:00:0d.0: reg 0x24: [mem 0xf0806000-0xf0807fff]
Jan  3 22:37:26 adam-VirtualBox kernel: [    0.153743] ACPI: PCI Interrupt Link [LNKA] (IRQs 5 9 10 *11)
Jan  3 22:37:26 adam-VirtualBox kernel: [    0.153949] ACPI: PCI Interrupt Link [LNKB] (IRQs 5 9 10 *11)
Jan  3 22:37:26 adam-VirtualBox kernel: [    0.154039] ACPI: PCI Interrupt Link [LNKC] (IRQs 5 9 *10 11)
Jan  3 22:37:26 adam-VirtualBox kernel: [    0.154122] ACPI: PCI Interrupt Link [LNKD] (IRQs 5 *9 10 11)
